[2019-11-18T09:38:16.350+0530][gc,heap] Heap region size: 1M
[2019-11-18T09:38:16.362+0530][gc     ] Using G1
[2019-11-18T09:38:16.362+0530][gc,heap,coops] Heap address: 0x00000000c0000000, size: 1024 MB, Compressed Oops mode: 32-bit
[2019-11-18T09:38:16.362+0530][gc,cds       ] Mark closed archive regions in map: [0x00000000fff00000, 0x00000000fff71ff8]
[2019-11-18T09:38:16.362+0530][gc,cds       ] Mark open archive regions in map: [0x00000000ffe00000, 0x00000000ffe48ff8]
[2019-11-18T09:38:16.371+0530][gc           ] Periodic GC disabled
[2019-11-18T09:38:26.568+0530][gc,start     ] GC(0) Pause Young (Normal) (G1 Evacuation Pause)
[2019-11-18T09:38:26.569+0530][gc,task      ] GC(0) Using 4 workers of 4 for evacuation
[2019-11-18T09:38:26.580+0530][gc,phases    ] GC(0)   Pre Evacuate Collection Set: 0.0ms
[2019-11-18T09:38:26.580+0530][gc,phases    ] GC(0)   Evacuate Collection Set: 11.0ms
[2019-11-18T09:38:26.580+0530][gc,phases    ] GC(0)   Post Evacuate Collection Set: 0.4ms
[2019-11-18T09:38:26.581+0530][gc,phases    ] GC(0)   Other: 0.6ms
[2019-11-18T09:38:26.581+0530][gc,heap      ] GC(0) Eden regions: 51->0(45)
[2019-11-18T09:38:26.581+0530][gc,heap      ] GC(0) Survivor regions: 0->6(7)
[2019-11-18T09:38:26.581+0530][gc,heap      ] GC(0) Old regions: 0->0
[2019-11-18T09:38:26.581+0530][gc,heap      ] GC(0) Archive regions: 2->2
[2019-11-18T09:38:26.581+0530][gc,heap      ] GC(0) Humongous regions: 0->0
[2019-11-18T09:38:26.581+0530][gc,metaspace ] GC(0) Metaspace: 17015K->17015K(1064960K)
[2019-11-18T09:38:26.581+0530][gc           ] GC(0) Pause Young (Normal) (G1 Evacuation Pause) 51M->6M(1024M) 12.147ms
[2019-11-18T09:38:26.581+0530][gc,cpu       ] GC(0) User=0.04s Sys=0.00s Real=0.02s
[2019-11-18T09:38:28.436+0530][gc,start     ] GC(1) Pause Young (Concurrent Start) (Metadata GC Threshold)
[2019-11-18T09:38:28.436+0530][gc,task      ] GC(1) Using 4 workers of 4 for evacuation
[2019-11-18T09:38:28.452+0530][gc,phases    ] GC(1)   Pre Evacuate Collection Set: 0.1ms
[2019-11-18T09:38:28.452+0530][gc,phases    ] GC(1)   Evacuate Collection Set: 15.1ms
[2019-11-18T09:38:28.452+0530][gc,phases    ] GC(1)   Post Evacuate Collection Set: 0.3ms
[2019-11-18T09:38:28.452+0530][gc,phases    ] GC(1)   Other: 0.4ms
[2019-11-18T09:38:28.452+0530][gc,heap      ] GC(1) Eden regions: 14->0(50)
[2019-11-18T09:38:28.452+0530][gc,heap      ] GC(1) Survivor regions: 6->1(7)
[2019-11-18T09:38:28.452+0530][gc,heap      ] GC(1) Old regions: 0->6
[2019-11-18T09:38:28.452+0530][gc,heap      ] GC(1) Archive regions: 2->2
[2019-11-18T09:38:28.452+0530][gc,heap      ] GC(1) Humongous regions: 0->0
[2019-11-18T09:38:28.452+0530][gc,metaspace ] GC(1) Metaspace: 20436K->20436K(1067008K)
[2019-11-18T09:38:28.452+0530][gc           ] GC(1) Pause Young (Concurrent Start) (Metadata GC Threshold) 20M->7M(1024M) 15.993ms
[2019-11-18T09:38:28.452+0530][gc,cpu       ] GC(1) User=0.04s Sys=0.01s Real=0.02s
[2019-11-18T09:38:28.452+0530][gc           ] GC(2) Concurrent Cycle
[2019-11-18T09:38:28.452+0530][gc,marking   ] GC(2) Concurrent Clear Claimed Marks
[2019-11-18T09:38:28.452+0530][gc,marking   ] GC(2) Concurrent Clear Claimed Marks 0.052ms
[2019-11-18T09:38:28.452+0530][gc,marking   ] GC(2) Concurrent Scan Root Regions
[2019-11-18T09:38:28.456+0530][gc,marking   ] GC(2) Concurrent Scan Root Regions 4.111ms
[2019-11-18T09:38:28.456+0530][gc,marking   ] GC(2) Concurrent Mark (12.112s)
[2019-11-18T09:38:28.456+0530][gc,marking   ] GC(2) Concurrent Mark From Roots
[2019-11-18T09:38:28.456+0530][gc,task      ] GC(2) Using 1 workers of 1 for marking
[2019-11-18T09:38:28.461+0530][gc,marking   ] GC(2) Concurrent Mark From Roots 5.106ms
[2019-11-18T09:38:28.461+0530][gc,marking   ] GC(2) Concurrent Preclean
[2019-11-18T09:38:28.461+0530][gc,marking   ] GC(2) Concurrent Preclean 0.068ms
[2019-11-18T09:38:28.461+0530][gc,marking   ] GC(2) Concurrent Mark (12.112s, 12.118s) 5.229ms
[2019-11-18T09:38:28.461+0530][gc,start     ] GC(2) Pause Remark
[2019-11-18T09:38:28.462+0530][gc,stringtable] GC(2) Cleaned string table, strings: 4721 processed, 0 removed
[2019-11-18T09:38:28.463+0530][gc            ] GC(2) Pause Remark 7M->7M(1024M) 1.189ms
[2019-11-18T09:38:28.463+0530][gc,cpu        ] GC(2) User=0.01s Sys=0.00s Real=0.00s
[2019-11-18T09:38:28.463+0530][gc,marking    ] GC(2) Concurrent Rebuild Remembered Sets
[2019-11-18T09:38:28.472+0530][gc,marking    ] GC(2) Concurrent Rebuild Remembered Sets 9.307ms
[2019-11-18T09:38:28.472+0530][gc,start      ] GC(2) Pause Cleanup
[2019-11-18T09:38:28.472+0530][gc            ] GC(2) Pause Cleanup 8M->8M(1024M) 0.243ms
[2019-11-18T09:38:28.472+0530][gc,cpu        ] GC(2) User=0.00s Sys=0.00s Real=0.00s
[2019-11-18T09:38:28.472+0530][gc,marking    ] GC(2) Concurrent Cleanup for Next Mark
[2019-11-18T09:38:28.484+0530][gc,marking    ] GC(2) Concurrent Cleanup for Next Mark 11.686ms
[2019-11-18T09:38:28.484+0530][gc            ] GC(2) Concurrent Cycle 32.489ms
[2019-11-18T09:38:35.301+0530][gc,start      ] GC(3) Pause Young (Normal) (G1 Evacuation Pause)
[2019-11-18T09:38:35.301+0530][gc,task       ] GC(3) Using 4 workers of 4 for evacuation
[2019-11-18T09:38:35.308+0530][gc,phases     ] GC(3)   Pre Evacuate Collection Set: 0.0ms
[2019-11-18T09:38:35.308+0530][gc,phases     ] GC(3)   Evacuate Collection Set: 6.2ms
[2019-11-18T09:38:35.308+0530][gc,phases     ] GC(3)   Post Evacuate Collection Set: 0.6ms
[2019-11-18T09:38:35.308+0530][gc,phases     ] GC(3)   Other: 0.2ms
[2019-11-18T09:38:35.308+0530][gc,heap       ] GC(3) Eden regions: 50->0(46)
[2019-11-18T09:38:35.308+0530][gc,heap       ] GC(3) Survivor regions: 1->5(7)
[2019-11-18T09:38:35.308+0530][gc,heap       ] GC(3) Old regions: 6->6
[2019-11-18T09:38:35.308+0530][gc,heap       ] GC(3) Archive regions: 2->2
[2019-11-18T09:38:35.308+0530][gc,heap       ] GC(3) Humongous regions: 129->129
[2019-11-18T09:38:35.308+0530][gc,metaspace  ] GC(3) Metaspace: 28930K->28930K(1075200K)
[2019-11-18T09:38:35.308+0530][gc            ] GC(3) Pause Young (Normal) (G1 Evacuation Pause) 186M->140M(1024M) 7.077ms
[2019-11-18T09:38:35.308+0530][gc,cpu        ] GC(3) User=0.02s Sys=0.00s Real=0.00s
[2019-11-18T09:42:42.480+0530][gc,start      ] GC(4) Pause Young (Concurrent Start) (Metadata GC Threshold)
[2019-11-18T09:42:42.481+0530][gc,task       ] GC(4) Using 4 workers of 4 for evacuation
[2019-11-18T09:42:42.491+0530][gc,phases     ] GC(4)   Pre Evacuate Collection Set: 0.2ms
[2019-11-18T09:42:42.491+0530][gc,phases     ] GC(4)   Evacuate Collection Set: 9.8ms
[2019-11-18T09:42:42.491+0530][gc,phases     ] GC(4)   Post Evacuate Collection Set: 0.6ms
[2019-11-18T09:42:42.491+0530][gc,phases     ] GC(4)   Other: 0.4ms
[2019-11-18T09:42:42.491+0530][gc,heap       ] GC(4) Eden regions: 44->0(49)
[2019-11-18T09:42:42.491+0530][gc,heap       ] GC(4) Survivor regions: 5->2(7)
[2019-11-18T09:42:42.491+0530][gc,heap       ] GC(4) Old regions: 6->11
[2019-11-18T09:42:42.491+0530][gc,heap       ] GC(4) Archive regions: 2->2
[2019-11-18T09:42:42.491+0530][gc,heap       ] GC(4) Humongous regions: 135->129
[2019-11-18T09:42:42.491+0530][gc,metaspace  ] GC(4) Metaspace: 33833K->33833K(1079296K)
[2019-11-18T09:42:42.491+0530][gc            ] GC(4) Pause Young (Concurrent Start) (Metadata GC Threshold) 189M->141M(1024M) 11.047ms
[2019-11-18T09:42:42.491+0530][gc,cpu        ] GC(4) User=0.04s Sys=0.00s Real=0.01s
[2019-11-18T09:42:42.492+0530][gc            ] GC(5) Concurrent Cycle
[2019-11-18T09:42:42.492+0530][gc,marking    ] GC(5) Concurrent Clear Claimed Marks
[2019-11-18T09:42:42.492+0530][gc,marking    ] GC(5) Concurrent Clear Claimed Marks 0.171ms
[2019-11-18T09:42:42.492+0530][gc,marking    ] GC(5) Concurrent Scan Root Regions
[2019-11-18T09:42:42.500+0530][gc,marking    ] GC(5) Concurrent Scan Root Regions 8.436ms
[2019-11-18T09:42:42.500+0530][gc,marking    ] GC(5) Concurrent Mark (266.157s)
[2019-11-18T09:42:42.500+0530][gc,marking    ] GC(5) Concurrent Mark From Roots
[2019-11-18T09:42:42.500+0530][gc,task       ] GC(5) Using 1 workers of 1 for marking
[2019-11-18T09:42:42.514+0530][gc,marking    ] GC(5) Concurrent Mark From Roots 13.488ms
[2019-11-18T09:42:42.514+0530][gc,marking    ] GC(5) Concurrent Preclean
[2019-11-18T09:42:42.514+0530][gc,marking    ] GC(5) Concurrent Preclean 0.104ms
[2019-11-18T09:42:42.514+0530][gc,marking    ] GC(5) Concurrent Mark (266.157s, 266.170s) 13.651ms
[2019-11-18T09:42:42.521+0530][gc,start      ] GC(5) Pause Remark
[2019-11-18T09:42:42.523+0530][gc,stringtable] GC(5) Cleaned string table, strings: 8624 processed, 7 removed
[2019-11-18T09:42:42.524+0530][gc            ] GC(5) Pause Remark 142M->142M(1024M) 2.958ms
[2019-11-18T09:42:42.524+0530][gc,cpu        ] GC(5) User=0.00s Sys=0.00s Real=0.00s
[2019-11-18T09:42:42.524+0530][gc,marking    ] GC(5) Concurrent Rebuild Remembered Sets
[2019-11-18T09:42:42.536+0530][gc,marking    ] GC(5) Concurrent Rebuild Remembered Sets 12.652ms
[2019-11-18T09:42:42.537+0530][gc,start      ] GC(5) Pause Cleanup
[2019-11-18T09:42:42.537+0530][gc            ] GC(5) Pause Cleanup 142M->142M(1024M) 0.183ms
[2019-11-18T09:42:42.537+0530][gc,cpu        ] GC(5) User=0.00s Sys=0.00s Real=0.00s
[2019-11-18T09:42:42.537+0530][gc,marking    ] GC(5) Concurrent Cleanup for Next Mark
[2019-11-18T09:42:42.545+0530][gc,marking    ] GC(5) Concurrent Cleanup for Next Mark 7.763ms
[2019-11-18T09:42:42.545+0530][gc            ] GC(5) Concurrent Cycle 53.182ms
[2019-11-18T09:53:02.203+0530][gc,start      ] GC(6) Pause Young (Normal) (G1 Evacuation Pause)
[2019-11-18T09:53:02.203+0530][gc,task       ] GC(6) Using 4 workers of 4 for evacuation
[2019-11-18T09:53:02.213+0530][gc,phases     ] GC(6)   Pre Evacuate Collection Set: 0.0ms
[2019-11-18T09:53:02.213+0530][gc,phases     ] GC(6)   Evacuate Collection Set: 8.1ms
[2019-11-18T09:53:02.213+0530][gc,phases     ] GC(6)   Post Evacuate Collection Set: 0.8ms
[2019-11-18T09:53:02.213+0530][gc,phases     ] GC(6)   Other: 0.2ms
[2019-11-18T09:53:02.213+0530][gc,heap       ] GC(6) Eden regions: 49->0(47)
[2019-11-18T09:53:02.213+0530][gc,heap       ] GC(6) Survivor regions: 2->4(7)
[2019-11-18T09:53:02.213+0530][gc,heap       ] GC(6) Old regions: 11->11
[2019-11-18T09:53:02.213+0530][gc,heap       ] GC(6) Archive regions: 2->2
[2019-11-18T09:53:02.213+0530][gc,heap       ] GC(6) Humongous regions: 129->129
[2019-11-18T09:53:02.213+0530][gc,metaspace  ] GC(6) Metaspace: 36275K->36275K(1081344K)
[2019-11-18T09:53:02.213+0530][gc            ] GC(6) Pause Young (Normal) (G1 Evacuation Pause) 190M->143M(1024M) 9.238ms
[2019-11-18T09:53:02.213+0530][gc,cpu        ] GC(6) User=0.03s Sys=0.00s Real=0.01s
[2019-11-18T10:04:43.864+0530][gc,start      ] GC(7) Pause Young (Normal) (G1 Evacuation Pause)
[2019-11-18T10:04:43.865+0530][gc,task       ] GC(7) Using 4 workers of 4 for evacuation
[2019-11-18T10:04:43.875+0530][gc,phases     ] GC(7)   Pre Evacuate Collection Set: 0.0ms
[2019-11-18T10:04:43.875+0530][gc,phases     ] GC(7)   Evacuate Collection Set: 9.7ms
[2019-11-18T10:04:43.875+0530][gc,phases     ] GC(7)   Post Evacuate Collection Set: 0.5ms
[2019-11-18T10:04:43.875+0530][gc,phases     ] GC(7)   Other: 0.3ms
[2019-11-18T10:04:43.875+0530][gc,heap       ] GC(7) Eden regions: 47->0(47)
[2019-11-18T10:04:43.875+0530][gc,heap       ] GC(7) Survivor regions: 4->4(7)
[2019-11-18T10:04:43.875+0530][gc,heap       ] GC(7) Old regions: 11->11
[2019-11-18T10:04:43.875+0530][gc,heap       ] GC(7) Archive regions: 2->2
[2019-11-18T10:04:43.875+0530][gc,heap       ] GC(7) Humongous regions: 129->129
[2019-11-18T10:04:43.875+0530][gc,metaspace  ] GC(7) Metaspace: 36397K->36397K(1081344K)
[2019-11-18T10:04:43.875+0530][gc            ] GC(7) Pause Young (Normal) (G1 Evacuation Pause) 190M->144M(1024M) 10.564ms
[2019-11-18T10:04:43.875+0530][gc,cpu        ] GC(7) User=0.03s Sys=0.00s Real=0.01s
[2019-11-18T10:17:03.744+0530][gc,start      ] GC(8) Pause Young (Normal) (G1 Evacuation Pause)
[2019-11-18T10:17:03.744+0530][gc,task       ] GC(8) Using 4 workers of 4 for evacuation
[2019-11-18T10:17:03.757+0530][gc,phases     ] GC(8)   Pre Evacuate Collection Set: 0.1ms
[2019-11-18T10:17:03.757+0530][gc,phases     ] GC(8)   Evacuate Collection Set: 11.5ms
[2019-11-18T10:17:03.757+0530][gc,phases     ] GC(8)   Post Evacuate Collection Set: 0.7ms
[2019-11-18T10:17:03.757+0530][gc,phases     ] GC(8)   Other: 0.3ms
[2019-11-18T10:17:03.757+0530][gc,heap       ] GC(8) Eden regions: 47->0(47)
[2019-11-18T10:17:03.757+0530][gc,heap       ] GC(8) Survivor regions: 4->4(7)
[2019-11-18T10:17:03.757+0530][gc,heap       ] GC(8) Old regions: 11->12
[2019-11-18T10:17:03.757+0530][gc,heap       ] GC(8) Archive regions: 2->2
[2019-11-18T10:17:03.757+0530][gc,heap       ] GC(8) Humongous regions: 129->129
[2019-11-18T10:17:03.757+0530][gc,metaspace  ] GC(8) Metaspace: 36437K->36437K(1081344K)
[2019-11-18T10:17:03.757+0530][gc            ] GC(8) Pause Young (Normal) (G1 Evacuation Pause) 191M->144M(1024M) 12.675ms
[2019-11-18T10:17:03.757+0530][gc,cpu        ] GC(8) User=0.04s Sys=0.01s Real=0.01s
[2019-11-18T10:29:45.230+0530][gc,start      ] GC(9) Pause Young (Normal) (G1 Evacuation Pause)
[2019-11-18T10:29:45.230+0530][gc,task       ] GC(9) Using 4 workers of 4 for evacuation
[2019-11-18T10:29:45.240+0530][gc,phases     ] GC(9)   Pre Evacuate Collection Set: 0.0ms
[2019-11-18T10:29:45.240+0530][gc,phases     ] GC(9)   Evacuate Collection Set: 8.4ms
[2019-11-18T10:29:45.240+0530][gc,phases     ] GC(9)   Post Evacuate Collection Set: 0.6ms
[2019-11-18T10:29:45.240+0530][gc,phases     ] GC(9)   Other: 0.4ms
[2019-11-18T10:29:45.240+0530][gc,heap       ] GC(9) Eden regions: 47->0(48)
[2019-11-18T10:29:45.240+0530][gc,heap       ] GC(9) Survivor regions: 4->3(7)
[2019-11-18T10:29:45.240+0530][gc,heap       ] GC(9) Old regions: 12->12
[2019-11-18T10:29:45.240+0530][gc,heap       ] GC(9) Archive regions: 2->2
[2019-11-18T10:29:45.240+0530][gc,heap       ] GC(9) Humongous regions: 129->129
[2019-11-18T10:29:45.240+0530][gc,metaspace  ] GC(9) Metaspace: 36480K->36480K(1081344K)
[2019-11-18T10:29:45.240+0530][gc            ] GC(9) Pause Young (Normal) (G1 Evacuation Pause) 191M->144M(1024M) 9.532ms
[2019-11-18T10:29:45.240+0530][gc,cpu        ] GC(9) User=0.03s Sys=0.00s Real=0.01s
[2019-11-18T10:42:19.495+0530][gc,start      ] GC(10) Pause Young (Normal) (G1 Evacuation Pause)
[2019-11-18T10:42:19.509+0530][gc,task       ] GC(10) Using 4 workers of 4 for evacuation
[2019-11-18T10:42:19.515+0530][gc,phases     ] GC(10)   Pre Evacuate Collection Set: 0.2ms
[2019-11-18T10:42:19.515+0530][gc,phases     ] GC(10)   Evacuate Collection Set: 5.1ms
[2019-11-18T10:42:19.515+0530][gc,phases     ] GC(10)   Post Evacuate Collection Set: 0.6ms
[2019-11-18T10:42:19.515+0530][gc,phases     ] GC(10)   Other: 14.6ms
[2019-11-18T10:42:19.515+0530][gc,heap       ] GC(10) Eden regions: 48->0(47)
[2019-11-18T10:42:19.515+0530][gc,heap       ] GC(10) Survivor regions: 3->4(7)
[2019-11-18T10:42:19.515+0530][gc,heap       ] GC(10) Old regions: 12->12
[2019-11-18T10:42:19.515+0530][gc,heap       ] GC(10) Archive regions: 2->2
[2019-11-18T10:42:19.515+0530][gc,heap       ] GC(10) Humongous regions: 129->129
[2019-11-18T10:42:19.515+0530][gc,metaspace  ] GC(10) Metaspace: 36530K->36530K(1081344K)
[2019-11-18T10:42:19.515+0530][gc            ] GC(10) Pause Young (Normal) (G1 Evacuation Pause) 192M->144M(1024M) 20.579ms
[2019-11-18T10:42:19.515+0530][gc,cpu        ] GC(10) User=0.02s Sys=0.00s Real=0.02s
[2019-11-18T10:55:19.202+0530][gc,start      ] GC(11) Pause Young (Normal) (G1 Evacuation Pause)
[2019-11-18T10:55:19.203+0530][gc,task       ] GC(11) Using 4 workers of 4 for evacuation
[2019-11-18T10:55:19.211+0530][gc,phases     ] GC(11)   Pre Evacuate Collection Set: 0.0ms
[2019-11-18T10:55:19.211+0530][gc,phases     ] GC(11)   Evacuate Collection Set: 7.6ms
[2019-11-18T10:55:19.212+0530][gc,phases     ] GC(11)   Post Evacuate Collection Set: 1.0ms
[2019-11-18T10:55:19.212+0530][gc,phases     ] GC(11)   Other: 0.3ms
[2019-11-18T10:55:19.212+0530][gc,heap       ] GC(11) Eden regions: 47->0(48)
[2019-11-18T10:55:19.212+0530][gc,heap       ] GC(11) Survivor regions: 4->3(7)
[2019-11-18T10:55:19.212+0530][gc,heap       ] GC(11) Old regions: 12->12
[2019-11-18T10:55:19.212+0530][gc,heap       ] GC(11) Archive regions: 2->2
[2019-11-18T10:55:19.212+0530][gc,heap       ] GC(11) Humongous regions: 129->129
[2019-11-18T10:55:19.212+0530][gc,metaspace  ] GC(11) Metaspace: 36624K->36624K(1081344K)
[2019-11-18T10:55:19.212+0530][gc            ] GC(11) Pause Young (Normal) (G1 Evacuation Pause) 191M->144M(1024M) 9.259ms
[2019-11-18T10:55:19.212+0530][gc,cpu        ] GC(11) User=0.02s Sys=0.01s Real=0.01s
[2019-11-18T11:08:08.467+0530][gc,start      ] GC(12) Pause Young (Normal) (G1 Evacuation Pause)
[2019-11-18T11:08:08.467+0530][gc,task       ] GC(12) Using 4 workers of 4 for evacuation
[2019-11-18T11:08:08.476+0530][gc,phases     ] GC(12)   Pre Evacuate Collection Set: 0.0ms
[2019-11-18T11:08:08.476+0530][gc,phases     ] GC(12)   Evacuate Collection Set: 7.8ms
[2019-11-18T11:08:08.476+0530][gc,phases     ] GC(12)   Post Evacuate Collection Set: 0.7ms
[2019-11-18T11:08:08.476+0530][gc,phases     ] GC(12)   Other: 0.4ms
[2019-11-18T11:08:08.476+0530][gc,heap       ] GC(12) Eden regions: 48->0(48)
[2019-11-18T11:08:08.476+0530][gc,heap       ] GC(12) Survivor regions: 3->3(7)
[2019-11-18T11:08:08.476+0530][gc,heap       ] GC(12) Old regions: 12->12
[2019-11-18T11:08:08.476+0530][gc,heap       ] GC(12) Archive regions: 2->2
[2019-11-18T11:08:08.476+0530][gc,heap       ] GC(12) Humongous regions: 129->129
[2019-11-18T11:08:08.476+0530][gc,metaspace  ] GC(12) Metaspace: 36763K->36763K(1083392K)
[2019-11-18T11:08:08.476+0530][gc            ] GC(12) Pause Young (Normal) (G1 Evacuation Pause) 192M->144M(1024M) 9.077ms
[2019-11-18T11:08:08.476+0530][gc,cpu        ] GC(12) User=0.03s Sys=0.00s Real=0.01s
[2019-11-18T11:21:09.203+0530][gc,start      ] GC(13) Pause Young (Normal) (G1 Evacuation Pause)
[2019-11-18T11:21:09.203+0530][gc,task       ] GC(13) Using 4 workers of 4 for evacuation
[2019-11-18T11:21:09.212+0530][gc,phases     ] GC(13)   Pre Evacuate Collection Set: 0.0ms
[2019-11-18T11:21:09.212+0530][gc,phases     ] GC(13)   Evacuate Collection Set: 7.7ms
[2019-11-18T11:21:09.212+0530][gc,phases     ] GC(13)   Post Evacuate Collection Set: 0.7ms
[2019-11-18T11:21:09.212+0530][gc,phases     ] GC(13)   Other: 0.4ms
[2019-11-18T11:21:09.212+0530][gc,heap       ] GC(13) Eden regions: 48->0(47)
[2019-11-18T11:21:09.212+0530][gc,heap       ] GC(13) Survivor regions: 3->4(7)
[2019-11-18T11:21:09.212+0530][gc,heap       ] GC(13) Old regions: 12->12
[2019-11-18T11:21:09.212+0530][gc,heap       ] GC(13) Archive regions: 2->2
[2019-11-18T11:21:09.212+0530][gc,heap       ] GC(13) Humongous regions: 129->129
[2019-11-18T11:21:09.212+0530][gc,metaspace  ] GC(13) Metaspace: 36775K->36775K(1083392K)
[2019-11-18T11:21:09.212+0530][gc            ] GC(13) Pause Young (Normal) (G1 Evacuation Pause) 192M->144M(1024M) 8.994ms
[2019-11-18T11:21:09.212+0530][gc,cpu        ] GC(13) User=0.03s Sys=0.00s Real=0.01s
[2019-11-18T11:33:59.203+0530][gc,start      ] GC(14) Pause Young (Normal) (G1 Evacuation Pause)
[2019-11-18T11:33:59.203+0530][gc,task       ] GC(14) Using 4 workers of 4 for evacuation
[2019-11-18T11:33:59.211+0530][gc,phases     ] GC(14)   Pre Evacuate Collection Set: 0.0ms
[2019-11-18T11:33:59.211+0530][gc,phases     ] GC(14)   Evacuate Collection Set: 7.5ms
[2019-11-18T11:33:59.211+0530][gc,phases     ] GC(14)   Post Evacuate Collection Set: 0.5ms
[2019-11-18T11:33:59.211+0530][gc,phases     ] GC(14)   Other: 0.4ms
[2019-11-18T11:33:59.211+0530][gc,heap       ] GC(14) Eden regions: 47->0(50)
[2019-11-18T11:33:59.211+0530][gc,heap       ] GC(14) Survivor regions: 4->3(7)
[2019-11-18T11:33:59.211+0530][gc,heap       ] GC(14) Old regions: 12->12
[2019-11-18T11:33:59.211+0530][gc,heap       ] GC(14) Archive regions: 2->2
[2019-11-18T11:33:59.211+0530][gc,heap       ] GC(14) Humongous regions: 129->129
[2019-11-18T11:33:59.211+0530][gc,metaspace  ] GC(14) Metaspace: 36809K->36809K(1083392K)
[2019-11-18T11:33:59.211+0530][gc            ] GC(14) Pause Young (Normal) (G1 Evacuation Pause) 191M->144M(1024M) 8.468ms
[2019-11-18T11:33:59.211+0530][gc,cpu        ] GC(14) User=0.03s Sys=0.00s Real=0.01s
[2019-11-18T11:46:50.762+0530][gc,start      ] GC(15) Pause Young (Normal) (G1 Evacuation Pause)
[2019-11-18T11:46:50.762+0530][gc,task       ] GC(15) Using 4 workers of 4 for evacuation
[2019-11-18T11:46:50.773+0530][gc,phases     ] GC(15)   Pre Evacuate Collection Set: 0.0ms
[2019-11-18T11:46:50.773+0530][gc,phases     ] GC(15)   Evacuate Collection Set: 9.9ms
[2019-11-18T11:46:50.773+0530][gc,phases     ] GC(15)   Post Evacuate Collection Set: 0.5ms
[2019-11-18T11:46:50.773+0530][gc,phases     ] GC(15)   Other: 0.5ms
[2019-11-18T11:46:50.773+0530][gc,heap       ] GC(15) Eden regions: 50->0(56)
[2019-11-18T11:46:50.773+0530][gc,heap       ] GC(15) Survivor regions: 3->4(7)
[2019-11-18T11:46:50.773+0530][gc,heap       ] GC(15) Old regions: 12->12
[2019-11-18T11:46:50.773+0530][gc,heap       ] GC(15) Archive regions: 2->2
[2019-11-18T11:46:50.773+0530][gc,heap       ] GC(15) Humongous regions: 129->129
[2019-11-18T11:46:50.773+0530][gc,metaspace  ] GC(15) Metaspace: 36842K->36842K(1083392K)
[2019-11-18T11:46:50.773+0530][gc            ] GC(15) Pause Young (Normal) (G1 Evacuation Pause) 194M->144M(1024M) 10.942ms
[2019-11-18T11:46:50.773+0530][gc,cpu        ] GC(15) User=0.04s Sys=0.01s Real=0.01s
[2019-11-18T12:02:04.861+0530][gc,start      ] GC(16) Pause Young (Normal) (G1 Evacuation Pause)
[2019-11-18T12:02:04.861+0530][gc,task       ] GC(16) Using 4 workers of 4 for evacuation
[2019-11-18T12:02:04.873+0530][gc,phases     ] GC(16)   Pre Evacuate Collection Set: 0.0ms
[2019-11-18T12:02:04.873+0530][gc,phases     ] GC(16)   Evacuate Collection Set: 10.1ms
[2019-11-18T12:02:04.873+0530][gc,phases     ] GC(16)   Post Evacuate Collection Set: 0.7ms
[2019-11-18T12:02:04.873+0530][gc,phases     ] GC(16)   Other: 0.4ms
[2019-11-18T12:02:04.873+0530][gc,heap       ] GC(16) Eden regions: 56->0(61)
[2019-11-18T12:02:04.873+0530][gc,heap       ] GC(16) Survivor regions: 4->3(8)
[2019-11-18T12:02:04.873+0530][gc,heap       ] GC(16) Old regions: 12->12
[2019-11-18T12:02:04.873+0530][gc,heap       ] GC(16) Archive regions: 2->2
[2019-11-18T12:02:04.873+0530][gc,heap       ] GC(16) Humongous regions: 129->129
[2019-11-18T12:02:04.873+0530][gc,metaspace  ] GC(16) Metaspace: 36848K->36848K(1083392K)
[2019-11-18T12:02:04.873+0530][gc            ] GC(16) Pause Young (Normal) (G1 Evacuation Pause) 200M->144M(1024M) 11.357ms
[2019-11-18T12:02:04.873+0530][gc,cpu        ] GC(16) User=0.03s Sys=0.00s Real=0.01s
[2019-11-18T12:18:29.203+0530][gc,start      ] GC(17) Pause Young (Normal) (G1 Evacuation Pause)
[2019-11-18T12:18:29.203+0530][gc,task       ] GC(17) Using 4 workers of 4 for evacuation
[2019-11-18T12:18:29.214+0530][gc,phases     ] GC(17)   Pre Evacuate Collection Set: 0.0ms
[2019-11-18T12:18:29.214+0530][gc,phases     ] GC(17)   Evacuate Collection Set: 9.9ms
[2019-11-18T12:18:29.214+0530][gc,phases     ] GC(17)   Post Evacuate Collection Set: 0.5ms
[2019-11-18T12:18:29.214+0530][gc,phases     ] GC(17)   Other: 0.4ms
[2019-11-18T12:18:29.214+0530][gc,heap       ] GC(17) Eden regions: 61->0(211)
[2019-11-18T12:18:29.214+0530][gc,heap       ] GC(17) Survivor regions: 3->4(8)
[2019-11-18T12:18:29.214+0530][gc,heap       ] GC(17) Old regions: 12->12
[2019-11-18T12:18:29.214+0530][gc,heap       ] GC(17) Archive regions: 2->2
[2019-11-18T12:18:29.214+0530][gc,heap       ] GC(17) Humongous regions: 129->129
[2019-11-18T12:18:29.214+0530][gc,metaspace  ] GC(17) Metaspace: 36995K->36995K(1083392K)
[2019-11-18T12:18:29.214+0530][gc            ] GC(17) Pause Young (Normal) (G1 Evacuation Pause) 205M->144M(1024M) 10.915ms
[2019-11-18T12:18:29.214+0530][gc,cpu        ] GC(17) User=0.03s Sys=0.00s Real=0.01s
[2019-11-18T13:01:54.202+0530][gc,start      ] GC(18) Pause Young (Normal) (G1 Evacuation Pause)
[2019-11-18T13:01:55.699+0530][gc,task       ] GC(18) Using 4 workers of 4 for evacuation
[2019-11-18T13:01:55.706+0530][gc,phases     ] GC(18)   Pre Evacuate Collection Set: 0.0ms
[2019-11-18T13:01:55.706+0530][gc,phases     ] GC(18)   Evacuate Collection Set: 5.9ms
[2019-11-18T13:01:55.706+0530][gc,phases     ] GC(18)   Post Evacuate Collection Set: 0.6ms
[2019-11-18T13:01:55.706+0530][gc,phases     ] GC(18)   Other: 1497.4ms
[2019-11-18T13:01:55.706+0530][gc,heap       ] GC(18) Eden regions: 211->0(610)
[2019-11-18T13:01:55.706+0530][gc,heap       ] GC(18) Survivor regions: 4->4(27)
[2019-11-18T13:01:55.706+0530][gc,heap       ] GC(18) Old regions: 12->12
[2019-11-18T13:01:55.706+0530][gc,heap       ] GC(18) Archive regions: 2->2
[2019-11-18T13:01:55.706+0530][gc,heap       ] GC(18) Humongous regions: 129->129
[2019-11-18T13:01:55.706+0530][gc,metaspace  ] GC(18) Metaspace: 37149K->37149K(1083392K)
[2019-11-18T13:01:55.706+0530][gc            ] GC(18) Pause Young (Normal) (G1 Evacuation Pause) 355M->145M(1024M) 1504.123ms
[2019-11-18T13:01:55.706+0530][gc,cpu        ] GC(18) User=0.02s Sys=0.00s Real=1.50s
[2019-11-18T15:00:50.313+0530][gc,start      ] GC(19) Pause Young (Normal) (G1 Evacuation Pause)
[2019-11-18T15:00:51.120+0530][gc,task       ] GC(19) Using 4 workers of 4 for evacuation
[2019-11-18T15:00:51.133+0530][gc,phases     ] GC(19)   Pre Evacuate Collection Set: 0.0ms
[2019-11-18T15:00:51.133+0530][gc,phases     ] GC(19)   Evacuate Collection Set: 11.5ms
[2019-11-18T15:00:51.133+0530][gc,phases     ] GC(19)   Post Evacuate Collection Set: 0.8ms
[2019-11-18T15:00:51.133+0530][gc,phases     ] GC(19)   Other: 808.1ms
[2019-11-18T15:00:51.133+0530][gc,heap       ] GC(19) Eden regions: 610->0(610)
[2019-11-18T15:00:51.133+0530][gc,heap       ] GC(19) Survivor regions: 4->4(77)
[2019-11-18T15:00:51.133+0530][gc,heap       ] GC(19) Old regions: 12->12
[2019-11-18T15:00:51.133+0530][gc,heap       ] GC(19) Archive regions: 2->2
[2019-11-18T15:00:51.133+0530][gc,heap       ] GC(19) Humongous regions: 129->129
[2019-11-18T15:00:51.133+0530][gc,metaspace  ] GC(19) Metaspace: 37447K->37447K(1083392K)
[2019-11-18T15:00:51.133+0530][gc            ] GC(19) Pause Young (Normal) (G1 Evacuation Pause) 755M->144M(1024M) 820.454ms
[2019-11-18T15:00:51.133+0530][gc,cpu        ] GC(19) User=0.05s Sys=0.00s Real=0.82s
[2019-11-18T17:01:40.373+0530][gc,start      ] GC(20) Pause Young (Normal) (G1 Evacuation Pause)
[2019-11-18T17:01:40.374+0530][gc,task       ] GC(20) Using 4 workers of 4 for evacuation
[2019-11-18T17:01:40.385+0530][gc,phases     ] GC(20)   Pre Evacuate Collection Set: 0.0ms
[2019-11-18T17:01:40.385+0530][gc,phases     ] GC(20)   Evacuate Collection Set: 10.2ms
[2019-11-18T17:01:40.385+0530][gc,phases     ] GC(20)   Post Evacuate Collection Set: 0.9ms
[2019-11-18T17:01:40.385+0530][gc,phases     ] GC(20)   Other: 0.5ms
[2019-11-18T17:01:40.385+0530][gc,heap       ] GC(20) Eden regions: 610->0(609)
[2019-11-18T17:01:40.385+0530][gc,heap       ] GC(20) Survivor regions: 4->5(77)
[2019-11-18T17:01:40.385+0530][gc,heap       ] GC(20) Old regions: 12->12
[2019-11-18T17:01:40.385+0530][gc,heap       ] GC(20) Archive regions: 2->2
[2019-11-18T17:01:40.385+0530][gc,heap       ] GC(20) Humongous regions: 129->129
[2019-11-18T17:01:40.385+0530][gc,metaspace  ] GC(20) Metaspace: 37515K->37515K(1083392K)
[2019-11-18T17:01:40.385+0530][gc            ] GC(20) Pause Young (Normal) (G1 Evacuation Pause) 754M->145M(1024M) 11.741ms
[2019-11-18T17:01:40.385+0530][gc,cpu        ] GC(20) User=0.04s Sys=0.00s Real=0.01s
