[2019-11-15T15:42:09.028+0530][gc,heap] Heap region size: 1M
[2019-11-15T15:42:09.041+0530][gc     ] Using G1
[2019-11-15T15:42:09.041+0530][gc,heap,coops] Heap address: 0x00000000c0000000, size: 1024 MB, Compressed Oops mode: 32-bit
[2019-11-15T15:42:09.042+0530][gc,cds       ] Mark closed archive regions in map: [0x00000000fff00000, 0x00000000fff71ff8]
[2019-11-15T15:42:09.042+0530][gc,cds       ] Mark open archive regions in map: [0x00000000ffe00000, 0x00000000ffe48ff8]
[2019-11-15T15:42:09.050+0530][gc           ] Periodic GC disabled
[2019-11-15T15:42:11.576+0530][gc,start     ] GC(0) Pause Young (Normal) (G1 Evacuation Pause)
[2019-11-15T15:42:11.576+0530][gc,task      ] GC(0) Using 4 workers of 4 for evacuation
[2019-11-15T15:42:11.588+0530][gc,phases    ] GC(0)   Pre Evacuate Collection Set: 0.0ms
[2019-11-15T15:42:11.588+0530][gc,phases    ] GC(0)   Evacuate Collection Set: 11.2ms
[2019-11-15T15:42:11.588+0530][gc,phases    ] GC(0)   Post Evacuate Collection Set: 0.5ms
[2019-11-15T15:42:11.588+0530][gc,phases    ] GC(0)   Other: 0.4ms
[2019-11-15T15:42:11.588+0530][gc,heap      ] GC(0) Eden regions: 51->0(44)
[2019-11-15T15:42:11.588+0530][gc,heap      ] GC(0) Survivor regions: 0->7(7)
[2019-11-15T15:42:11.588+0530][gc,heap      ] GC(0) Old regions: 0->0
[2019-11-15T15:42:11.588+0530][gc,heap      ] GC(0) Archive regions: 2->2
[2019-11-15T15:42:11.588+0530][gc,heap      ] GC(0) Humongous regions: 0->0
[2019-11-15T15:42:11.588+0530][gc,metaspace ] GC(0) Metaspace: 17017K->17017K(1064960K)
[2019-11-15T15:42:11.588+0530][gc           ] GC(0) Pause Young (Normal) (G1 Evacuation Pause) 51M->6M(1024M) 12.236ms
[2019-11-15T15:42:11.588+0530][gc,cpu       ] GC(0) User=0.04s Sys=0.00s Real=0.02s
[2019-11-15T15:42:12.025+0530][gc,start     ] GC(1) Pause Young (Concurrent Start) (Metadata GC Threshold)
[2019-11-15T15:42:12.025+0530][gc,task      ] GC(1) Using 4 workers of 4 for evacuation
[2019-11-15T15:42:12.034+0530][gc,phases    ] GC(1)   Pre Evacuate Collection Set: 0.0ms
[2019-11-15T15:42:12.034+0530][gc,phases    ] GC(1)   Evacuate Collection Set: 9.1ms
[2019-11-15T15:42:12.034+0530][gc,phases    ] GC(1)   Post Evacuate Collection Set: 0.3ms
[2019-11-15T15:42:12.035+0530][gc,phases    ] GC(1)   Other: 0.2ms
[2019-11-15T15:42:12.035+0530][gc,heap      ] GC(1) Eden regions: 15->0(49)
[2019-11-15T15:42:12.035+0530][gc,heap      ] GC(1) Survivor regions: 7->2(7)
[2019-11-15T15:42:12.035+0530][gc,heap      ] GC(1) Old regions: 0->6
[2019-11-15T15:42:12.035+0530][gc,heap      ] GC(1) Archive regions: 2->2
[2019-11-15T15:42:12.035+0530][gc,heap      ] GC(1) Humongous regions: 129->129
[2019-11-15T15:42:12.035+0530][gc,metaspace ] GC(1) Metaspace: 20484K->20484K(1067008K)
[2019-11-15T15:42:12.035+0530][gc           ] GC(1) Pause Young (Concurrent Start) (Metadata GC Threshold) 150M->137M(1024M) 9.805ms
[2019-11-15T15:42:12.035+0530][gc,cpu       ] GC(1) User=0.03s Sys=0.01s Real=0.01s
[2019-11-15T15:42:12.035+0530][gc           ] GC(2) Concurrent Cycle
[2019-11-15T15:42:12.035+0530][gc,marking   ] GC(2) Concurrent Clear Claimed Marks
[2019-11-15T15:42:12.035+0530][gc,marking   ] GC(2) Concurrent Clear Claimed Marks 0.046ms
[2019-11-15T15:42:12.035+0530][gc,marking   ] GC(2) Concurrent Scan Root Regions
[2019-11-15T15:42:12.039+0530][gc,marking   ] GC(2) Concurrent Scan Root Regions 4.357ms
[2019-11-15T15:42:12.039+0530][gc,marking   ] GC(2) Concurrent Mark (3.015s)
[2019-11-15T15:42:12.039+0530][gc,marking   ] GC(2) Concurrent Mark From Roots
[2019-11-15T15:42:12.039+0530][gc,task      ] GC(2) Using 1 workers of 1 for marking
[2019-11-15T15:42:12.041+0530][gc,marking   ] GC(2) Concurrent Mark From Roots 2.224ms
[2019-11-15T15:42:12.041+0530][gc,marking   ] GC(2) Concurrent Preclean
[2019-11-15T15:42:12.041+0530][gc,marking   ] GC(2) Concurrent Preclean 0.060ms
[2019-11-15T15:42:12.041+0530][gc,marking   ] GC(2) Concurrent Mark (3.015s, 3.017s) 2.327ms
[2019-11-15T15:42:12.042+0530][gc,start     ] GC(2) Pause Remark
[2019-11-15T15:42:12.042+0530][gc,stringtable] GC(2) Cleaned string table, strings: 4830 processed, 0 removed
[2019-11-15T15:42:12.043+0530][gc            ] GC(2) Pause Remark 138M->138M(1024M) 1.093ms
[2019-11-15T15:42:12.043+0530][gc,cpu        ] GC(2) User=0.00s Sys=0.00s Real=0.00s
[2019-11-15T15:42:12.043+0530][gc,marking    ] GC(2) Concurrent Rebuild Remembered Sets
[2019-11-15T15:42:12.049+0530][gc,marking    ] GC(2) Concurrent Rebuild Remembered Sets 5.891ms
[2019-11-15T15:42:12.049+0530][gc,start      ] GC(2) Pause Cleanup
[2019-11-15T15:42:12.049+0530][gc            ] GC(2) Pause Cleanup 138M->138M(1024M) 0.212ms
[2019-11-15T15:42:12.049+0530][gc,cpu        ] GC(2) User=0.01s Sys=0.00s Real=0.00s
[2019-11-15T15:42:12.049+0530][gc,marking    ] GC(2) Concurrent Cleanup for Next Mark
[2019-11-15T15:42:12.060+0530][gc,marking    ] GC(2) Concurrent Cleanup for Next Mark 10.225ms
[2019-11-15T15:42:12.060+0530][gc            ] GC(2) Concurrent Cycle 25.079ms
[2019-11-15T15:42:54.357+0530][gc,start      ] GC(3) Pause Young (Normal) (G1 Evacuation Pause)
[2019-11-15T15:42:54.357+0530][gc,task       ] GC(3) Using 4 workers of 4 for evacuation
[2019-11-15T15:42:54.367+0530][gc,phases     ] GC(3)   Pre Evacuate Collection Set: 0.0ms
[2019-11-15T15:42:54.367+0530][gc,phases     ] GC(3)   Evacuate Collection Set: 9.2ms
[2019-11-15T15:42:54.367+0530][gc,phases     ] GC(3)   Post Evacuate Collection Set: 0.5ms
[2019-11-15T15:42:54.367+0530][gc,phases     ] GC(3)   Other: 0.2ms
[2019-11-15T15:42:54.367+0530][gc,heap       ] GC(3) Eden regions: 49->0(46)
[2019-11-15T15:42:54.367+0530][gc,heap       ] GC(3) Survivor regions: 2->5(7)
[2019-11-15T15:42:54.367+0530][gc,heap       ] GC(3) Old regions: 6->6
[2019-11-15T15:42:54.367+0530][gc,heap       ] GC(3) Archive regions: 2->2
[2019-11-15T15:42:54.367+0530][gc,heap       ] GC(3) Humongous regions: 129->129
[2019-11-15T15:42:54.367+0530][gc,metaspace  ] GC(3) Metaspace: 30648K->30648K(1077248K)
[2019-11-15T15:42:54.367+0530][gc            ] GC(3) Pause Young (Normal) (G1 Evacuation Pause) 186M->140M(1024M) 10.011ms
[2019-11-15T15:42:54.367+0530][gc,cpu        ] GC(3) User=0.04s Sys=0.00s Real=0.02s
[2019-11-15T15:44:40.311+0530][gc,start      ] GC(4) Pause Young (Concurrent Start) (Metadata GC Threshold)
[2019-11-15T15:44:40.311+0530][gc,task       ] GC(4) Using 4 workers of 4 for evacuation
[2019-11-15T15:44:40.325+0530][gc,phases     ] GC(4)   Pre Evacuate Collection Set: 0.1ms
[2019-11-15T15:44:40.325+0530][gc,phases     ] GC(4)   Evacuate Collection Set: 13.8ms
[2019-11-15T15:44:40.325+0530][gc,phases     ] GC(4)   Post Evacuate Collection Set: 0.5ms
[2019-11-15T15:44:40.325+0530][gc,phases     ] GC(4)   Other: 0.2ms
[2019-11-15T15:44:40.325+0530][gc,heap       ] GC(4) Eden regions: 34->0(48)
[2019-11-15T15:44:40.325+0530][gc,heap       ] GC(4) Survivor regions: 5->3(7)
[2019-11-15T15:44:40.326+0530][gc,heap       ] GC(4) Old regions: 6->11
[2019-11-15T15:44:40.326+0530][gc,heap       ] GC(4) Archive regions: 2->2
[2019-11-15T15:44:40.326+0530][gc,heap       ] GC(4) Humongous regions: 129->129
[2019-11-15T15:44:40.326+0530][gc,metaspace  ] GC(4) Metaspace: 33770K->33770K(1079296K)
[2019-11-15T15:44:40.326+0530][gc            ] GC(4) Pause Young (Concurrent Start) (Metadata GC Threshold) 174M->142M(1024M) 14.723ms
[2019-11-15T15:44:40.326+0530][gc,cpu        ] GC(4) User=0.04s Sys=0.00s Real=0.02s
[2019-11-15T15:44:40.326+0530][gc            ] GC(5) Concurrent Cycle
[2019-11-15T15:44:40.326+0530][gc,marking    ] GC(5) Concurrent Clear Claimed Marks
[2019-11-15T15:44:40.326+0530][gc,marking    ] GC(5) Concurrent Clear Claimed Marks 0.135ms
[2019-11-15T15:44:40.326+0530][gc,marking    ] GC(5) Concurrent Scan Root Regions
[2019-11-15T15:44:40.333+0530][gc,marking    ] GC(5) Concurrent Scan Root Regions 7.024ms
[2019-11-15T15:44:40.333+0530][gc,marking    ] GC(5) Concurrent Mark (151.309s)
[2019-11-15T15:44:40.333+0530][gc,marking    ] GC(5) Concurrent Mark From Roots
[2019-11-15T15:44:40.333+0530][gc,task       ] GC(5) Using 1 workers of 1 for marking
[2019-11-15T15:44:40.350+0530][gc,marking    ] GC(5) Concurrent Mark From Roots 17.571ms
[2019-11-15T15:44:40.350+0530][gc,marking    ] GC(5) Concurrent Preclean
[2019-11-15T15:44:40.351+0530][gc,marking    ] GC(5) Concurrent Preclean 0.129ms
[2019-11-15T15:44:40.351+0530][gc,marking    ] GC(5) Concurrent Mark (151.309s, 151.327s) 17.778ms
[2019-11-15T15:44:40.351+0530][gc,start      ] GC(5) Pause Remark
[2019-11-15T15:44:40.353+0530][gc,stringtable] GC(5) Cleaned string table, strings: 10353 processed, 9 removed
[2019-11-15T15:44:40.353+0530][gc            ] GC(5) Pause Remark 143M->143M(1024M) 2.322ms
[2019-11-15T15:44:40.353+0530][gc,cpu        ] GC(5) User=0.00s Sys=0.00s Real=0.00s
[2019-11-15T15:44:40.353+0530][gc,marking    ] GC(5) Concurrent Rebuild Remembered Sets
[2019-11-15T15:44:40.364+0530][gc,marking    ] GC(5) Concurrent Rebuild Remembered Sets 11.010ms
[2019-11-15T15:44:40.364+0530][gc,start      ] GC(5) Pause Cleanup
[2019-11-15T15:44:40.365+0530][gc            ] GC(5) Pause Cleanup 143M->143M(1024M) 0.194ms
[2019-11-15T15:44:40.365+0530][gc,cpu        ] GC(5) User=0.00s Sys=0.00s Real=0.00s
[2019-11-15T15:44:40.365+0530][gc,marking    ] GC(5) Concurrent Cleanup for Next Mark
[2019-11-15T15:44:40.373+0530][gc,marking    ] GC(5) Concurrent Cleanup for Next Mark 8.068ms
[2019-11-15T15:44:40.373+0530][gc            ] GC(5) Concurrent Cycle 47.229ms
[2019-11-15T15:55:24.451+0530][gc,start      ] GC(6) Pause Young (Normal) (G1 Evacuation Pause)
[2019-11-15T15:55:24.452+0530][gc,task       ] GC(6) Using 4 workers of 4 for evacuation
[2019-11-15T15:55:24.462+0530][gc,phases     ] GC(6)   Pre Evacuate Collection Set: 0.1ms
[2019-11-15T15:55:24.462+0530][gc,phases     ] GC(6)   Evacuate Collection Set: 9.9ms
[2019-11-15T15:55:24.462+0530][gc,phases     ] GC(6)   Post Evacuate Collection Set: 0.6ms
[2019-11-15T15:55:24.462+0530][gc,phases     ] GC(6)   Other: 0.4ms
[2019-11-15T15:55:24.462+0530][gc,heap       ] GC(6) Eden regions: 48->0(47)
[2019-11-15T15:55:24.462+0530][gc,heap       ] GC(6) Survivor regions: 3->4(7)
[2019-11-15T15:55:24.462+0530][gc,heap       ] GC(6) Old regions: 11->11
[2019-11-15T15:55:24.462+0530][gc,heap       ] GC(6) Archive regions: 2->2
[2019-11-15T15:55:24.462+0530][gc,heap       ] GC(6) Humongous regions: 129->129
[2019-11-15T15:55:24.462+0530][gc,metaspace  ] GC(6) Metaspace: 35492K->35492K(1081344K)
[2019-11-15T15:55:24.462+0530][gc            ] GC(6) Pause Young (Normal) (G1 Evacuation Pause) 190M->144M(1024M) 11.002ms
[2019-11-15T15:55:24.462+0530][gc,cpu        ] GC(6) User=0.04s Sys=0.00s Real=0.01s
[2019-11-15T16:07:13.094+0530][gc,start      ] GC(7) Pause Young (Normal) (G1 Evacuation Pause)
[2019-11-15T16:07:13.094+0530][gc,task       ] GC(7) Using 4 workers of 4 for evacuation
[2019-11-15T16:07:13.108+0530][gc,phases     ] GC(7)   Pre Evacuate Collection Set: 0.1ms
[2019-11-15T16:07:13.108+0530][gc,phases     ] GC(7)   Evacuate Collection Set: 12.8ms
[2019-11-15T16:07:13.108+0530][gc,phases     ] GC(7)   Post Evacuate Collection Set: 0.5ms
[2019-11-15T16:07:13.108+0530][gc,phases     ] GC(7)   Other: 0.4ms
[2019-11-15T16:07:13.108+0530][gc,heap       ] GC(7) Eden regions: 47->0(48)
[2019-11-15T16:07:13.108+0530][gc,heap       ] GC(7) Survivor regions: 4->3(7)
[2019-11-15T16:07:13.108+0530][gc,heap       ] GC(7) Old regions: 11->13
[2019-11-15T16:07:13.108+0530][gc,heap       ] GC(7) Archive regions: 2->2
[2019-11-15T16:07:13.108+0530][gc,heap       ] GC(7) Humongous regions: 129->129
[2019-11-15T16:07:13.108+0530][gc,metaspace  ] GC(7) Metaspace: 35626K->35626K(1081344K)
[2019-11-15T16:07:13.108+0530][gc            ] GC(7) Pause Young (Normal) (G1 Evacuation Pause) 191M->144M(1024M) 13.837ms
[2019-11-15T16:07:13.108+0530][gc,cpu        ] GC(7) User=0.05s Sys=0.00s Real=0.02s
[2019-11-15T16:19:49.532+0530][gc,start      ] GC(8) Pause Young (Normal) (G1 Evacuation Pause)
[2019-11-15T16:19:49.532+0530][gc,task       ] GC(8) Using 4 workers of 4 for evacuation
[2019-11-15T16:19:49.541+0530][gc,phases     ] GC(8)   Pre Evacuate Collection Set: 0.0ms
[2019-11-15T16:19:49.541+0530][gc,phases     ] GC(8)   Evacuate Collection Set: 7.5ms
[2019-11-15T16:19:49.541+0530][gc,phases     ] GC(8)   Post Evacuate Collection Set: 0.7ms
[2019-11-15T16:19:49.541+0530][gc,phases     ] GC(8)   Other: 0.3ms
[2019-11-15T16:19:49.541+0530][gc,heap       ] GC(8) Eden regions: 48->0(48)
[2019-11-15T16:19:49.541+0530][gc,heap       ] GC(8) Survivor regions: 3->3(7)
[2019-11-15T16:19:49.541+0530][gc,heap       ] GC(8) Old regions: 13->13
[2019-11-15T16:19:49.541+0530][gc,heap       ] GC(8) Archive regions: 2->2
[2019-11-15T16:19:49.541+0530][gc,heap       ] GC(8) Humongous regions: 129->129
[2019-11-15T16:19:49.541+0530][gc,metaspace  ] GC(8) Metaspace: 35686K->35686K(1081344K)
[2019-11-15T16:19:49.541+0530][gc            ] GC(8) Pause Young (Normal) (G1 Evacuation Pause) 192M->144M(1024M) 8.773ms
[2019-11-15T16:19:49.541+0530][gc,cpu        ] GC(8) User=0.03s Sys=0.00s Real=0.01s
[2019-11-15T16:32:59.451+0530][gc,start      ] GC(9) Pause Young (Normal) (G1 Evacuation Pause)
[2019-11-15T16:32:59.451+0530][gc,task       ] GC(9) Using 4 workers of 4 for evacuation
[2019-11-15T16:32:59.461+0530][gc,phases     ] GC(9)   Pre Evacuate Collection Set: 0.0ms
[2019-11-15T16:32:59.461+0530][gc,phases     ] GC(9)   Evacuate Collection Set: 8.7ms
[2019-11-15T16:32:59.461+0530][gc,phases     ] GC(9)   Post Evacuate Collection Set: 0.6ms
[2019-11-15T16:32:59.461+0530][gc,phases     ] GC(9)   Other: 0.4ms
[2019-11-15T16:32:59.461+0530][gc,heap       ] GC(9) Eden regions: 48->0(48)
[2019-11-15T16:32:59.461+0530][gc,heap       ] GC(9) Survivor regions: 3->3(7)
[2019-11-15T16:32:59.461+0530][gc,heap       ] GC(9) Old regions: 13->13
[2019-11-15T16:32:59.461+0530][gc,heap       ] GC(9) Archive regions: 2->2
[2019-11-15T16:32:59.461+0530][gc,heap       ] GC(9) Humongous regions: 129->129
[2019-11-15T16:32:59.461+0530][gc,metaspace  ] GC(9) Metaspace: 35733K->35733K(1081344K)
[2019-11-15T16:32:59.461+0530][gc            ] GC(9) Pause Young (Normal) (G1 Evacuation Pause) 192M->145M(1024M) 9.792ms
[2019-11-15T16:32:59.461+0530][gc,cpu        ] GC(9) User=0.03s Sys=0.00s Real=0.01s
[2019-11-15T16:45:41.489+0530][gc,start      ] GC(10) Pause Young (Normal) (G1 Evacuation Pause)
[2019-11-15T16:45:41.490+0530][gc,task       ] GC(10) Using 4 workers of 4 for evacuation
[2019-11-15T16:45:41.499+0530][gc,phases     ] GC(10)   Pre Evacuate Collection Set: 0.0ms
[2019-11-15T16:45:41.499+0530][gc,phases     ] GC(10)   Evacuate Collection Set: 8.9ms
[2019-11-15T16:45:41.499+0530][gc,phases     ] GC(10)   Post Evacuate Collection Set: 0.6ms
[2019-11-15T16:45:41.499+0530][gc,phases     ] GC(10)   Other: 0.5ms
[2019-11-15T16:45:41.499+0530][gc,heap       ] GC(10) Eden regions: 48->0(48)
[2019-11-15T16:45:41.499+0530][gc,heap       ] GC(10) Survivor regions: 3->3(7)
[2019-11-15T16:45:41.499+0530][gc,heap       ] GC(10) Old regions: 13->13
[2019-11-15T16:45:41.499+0530][gc,heap       ] GC(10) Archive regions: 2->2
[2019-11-15T16:45:41.499+0530][gc,heap       ] GC(10) Humongous regions: 129->129
[2019-11-15T16:45:41.499+0530][gc,metaspace  ] GC(10) Metaspace: 35791K->35791K(1081344K)
[2019-11-15T16:45:41.499+0530][gc            ] GC(10) Pause Young (Normal) (G1 Evacuation Pause) 193M->144M(1024M) 9.995ms
[2019-11-15T16:45:41.499+0530][gc,cpu        ] GC(10) User=0.03s Sys=0.00s Real=0.01s
[2019-11-15T16:59:03.059+0530][gc,start      ] GC(11) Pause Young (Normal) (G1 Evacuation Pause)
[2019-11-15T16:59:03.059+0530][gc,task       ] GC(11) Using 4 workers of 4 for evacuation
[2019-11-15T16:59:03.069+0530][gc,phases     ] GC(11)   Pre Evacuate Collection Set: 0.1ms
[2019-11-15T16:59:03.069+0530][gc,phases     ] GC(11)   Evacuate Collection Set: 9.0ms
[2019-11-15T16:59:03.069+0530][gc,phases     ] GC(11)   Post Evacuate Collection Set: 0.5ms
[2019-11-15T16:59:03.069+0530][gc,phases     ] GC(11)   Other: 0.4ms
[2019-11-15T16:59:03.069+0530][gc,heap       ] GC(11) Eden regions: 48->0(47)
[2019-11-15T16:59:03.069+0530][gc,heap       ] GC(11) Survivor regions: 3->4(7)
[2019-11-15T16:59:03.069+0530][gc,heap       ] GC(11) Old regions: 13->13
[2019-11-15T16:59:03.069+0530][gc,heap       ] GC(11) Archive regions: 2->2
[2019-11-15T16:59:03.069+0530][gc,heap       ] GC(11) Humongous regions: 129->129
[2019-11-15T16:59:03.069+0530][gc,metaspace  ] GC(11) Metaspace: 35835K->35835K(1081344K)
[2019-11-15T16:59:03.069+0530][gc            ] GC(11) Pause Young (Normal) (G1 Evacuation Pause) 192M->145M(1024M) 9.965ms
[2019-11-15T16:59:03.069+0530][gc,cpu        ] GC(11) User=0.04s Sys=0.00s Real=0.01s
[2019-11-15T17:12:11.316+0530][gc,start      ] GC(12) Pause Young (Normal) (G1 Evacuation Pause)
[2019-11-15T17:12:11.316+0530][gc,task       ] GC(12) Using 4 workers of 4 for evacuation
[2019-11-15T17:12:11.325+0530][gc,phases     ] GC(12)   Pre Evacuate Collection Set: 0.0ms
[2019-11-15T17:12:11.325+0530][gc,phases     ] GC(12)   Evacuate Collection Set: 7.5ms
[2019-11-15T17:12:11.325+0530][gc,phases     ] GC(12)   Post Evacuate Collection Set: 0.7ms
[2019-11-15T17:12:11.325+0530][gc,phases     ] GC(12)   Other: 0.3ms
[2019-11-15T17:12:11.325+0530][gc,heap       ] GC(12) Eden regions: 47->0(53)
[2019-11-15T17:12:11.325+0530][gc,heap       ] GC(12) Survivor regions: 4->3(7)
[2019-11-15T17:12:11.325+0530][gc,heap       ] GC(12) Old regions: 13->13
[2019-11-15T17:12:11.325+0530][gc,heap       ] GC(12) Archive regions: 2->2
[2019-11-15T17:12:11.325+0530][gc,heap       ] GC(12) Humongous regions: 129->129
[2019-11-15T17:12:11.325+0530][gc,metaspace  ] GC(12) Metaspace: 35850K->35850K(1081344K)
[2019-11-15T17:12:11.325+0530][gc            ] GC(12) Pause Young (Normal) (G1 Evacuation Pause) 192M->145M(1024M) 8.590ms
[2019-11-15T17:12:11.325+0530][gc,cpu        ] GC(12) User=0.03s Sys=0.00s Real=0.01s
[2019-11-15T17:26:49.451+0530][gc,start      ] GC(13) Pause Young (Normal) (G1 Evacuation Pause)
[2019-11-15T17:26:49.451+0530][gc,task       ] GC(13) Using 4 workers of 4 for evacuation
[2019-11-15T17:26:49.457+0530][gc,phases     ] GC(13)   Pre Evacuate Collection Set: 0.3ms
[2019-11-15T17:26:49.457+0530][gc,phases     ] GC(13)   Evacuate Collection Set: 4.9ms
[2019-11-15T17:26:49.457+0530][gc,phases     ] GC(13)   Post Evacuate Collection Set: 0.8ms
[2019-11-15T17:26:49.457+0530][gc,phases     ] GC(13)   Other: 0.2ms
[2019-11-15T17:26:49.457+0530][gc,heap       ] GC(13) Eden regions: 53->0(64)
[2019-11-15T17:26:49.457+0530][gc,heap       ] GC(13) Survivor regions: 3->3(7)
[2019-11-15T17:26:49.457+0530][gc,heap       ] GC(13) Old regions: 13->13
[2019-11-15T17:26:49.457+0530][gc,heap       ] GC(13) Archive regions: 2->2
[2019-11-15T17:26:49.457+0530][gc,heap       ] GC(13) Humongous regions: 129->129
[2019-11-15T17:26:49.457+0530][gc,metaspace  ] GC(13) Metaspace: 35870K->35870K(1081344K)
[2019-11-15T17:26:49.457+0530][gc            ] GC(13) Pause Young (Normal) (G1 Evacuation Pause) 198M->144M(1024M) 6.436ms
[2019-11-15T17:26:49.457+0530][gc,cpu        ] GC(13) User=0.02s Sys=0.00s Real=0.00s
[2019-11-15T17:43:59.147+0530][gc,start      ] GC(14) Pause Young (Normal) (G1 Evacuation Pause)
[2019-11-15T17:43:59.220+0530][gc,task       ] GC(14) Using 4 workers of 4 for evacuation
[2019-11-15T17:43:59.231+0530][gc,phases     ] GC(14)   Pre Evacuate Collection Set: 0.1ms
[2019-11-15T17:43:59.231+0530][gc,phases     ] GC(14)   Evacuate Collection Set: 9.6ms
[2019-11-15T17:43:59.231+0530][gc,phases     ] GC(14)   Post Evacuate Collection Set: 0.5ms
[2019-11-15T17:43:59.231+0530][gc,phases     ] GC(14)   Other: 73.8ms
[2019-11-15T17:43:59.231+0530][gc,heap       ] GC(14) Eden regions: 64->0(96)
[2019-11-15T17:43:59.231+0530][gc,heap       ] GC(14) Survivor regions: 3->3(9)
[2019-11-15T17:43:59.231+0530][gc,heap       ] GC(14) Old regions: 13->13
[2019-11-15T17:43:59.231+0530][gc,heap       ] GC(14) Archive regions: 2->2
[2019-11-15T17:43:59.231+0530][gc,heap       ] GC(14) Humongous regions: 129->129
[2019-11-15T17:43:59.231+0530][gc,metaspace  ] GC(14) Metaspace: 35897K->35897K(1081344K)
[2019-11-15T17:43:59.231+0530][gc            ] GC(14) Pause Young (Normal) (G1 Evacuation Pause) 208M->144M(1024M) 84.068ms
[2019-11-15T17:43:59.231+0530][gc,cpu        ] GC(14) User=0.04s Sys=0.00s Real=0.08s
[2019-11-15T20:26:40.133+0530][gc,start      ] GC(15) Pause Young (Normal) (G1 Evacuation Pause)
[2019-11-15T20:26:40.873+0530][gc,task       ] GC(15) Using 4 workers of 4 for evacuation
[2019-11-15T20:26:40.884+0530][gc,phases     ] GC(15)   Pre Evacuate Collection Set: 0.0ms
[2019-11-15T20:26:40.884+0530][gc,phases     ] GC(15)   Evacuate Collection Set: 9.5ms
[2019-11-15T20:26:40.884+0530][gc,phases     ] GC(15)   Post Evacuate Collection Set: 1.2ms
[2019-11-15T20:26:40.884+0530][gc,phases     ] GC(15)   Other: 740.8ms
[2019-11-15T20:26:40.884+0530][gc,heap       ] GC(15) Eden regions: 96->0(112)
[2019-11-15T20:26:40.884+0530][gc,heap       ] GC(15) Survivor regions: 3->3(13)
[2019-11-15T20:26:40.884+0530][gc,heap       ] GC(15) Old regions: 13->13
[2019-11-15T20:26:40.884+0530][gc,heap       ] GC(15) Archive regions: 2->2
[2019-11-15T20:26:40.884+0530][gc,heap       ] GC(15) Humongous regions: 129->129
[2019-11-15T20:26:40.884+0530][gc,metaspace  ] GC(15) Metaspace: 35937K->35937K(1081344K)
[2019-11-15T20:26:40.884+0530][gc            ] GC(15) Pause Young (Normal) (G1 Evacuation Pause) 240M->144M(1024M) 751.690ms
[2019-11-15T20:26:40.884+0530][gc,cpu        ] GC(15) User=0.03s Sys=0.00s Real=0.75s
[2019-11-15T20:58:02.710+0530][gc,start      ] GC(16) Pause Young (Normal) (G1 Evacuation Pause)
[2019-11-15T20:58:02.711+0530][gc,task       ] GC(16) Using 4 workers of 4 for evacuation
[2019-11-15T20:58:02.720+0530][gc,phases     ] GC(16)   Pre Evacuate Collection Set: 0.0ms
[2019-11-15T20:58:02.720+0530][gc,phases     ] GC(16)   Evacuate Collection Set: 8.1ms
[2019-11-15T20:58:02.720+0530][gc,phases     ] GC(16)   Post Evacuate Collection Set: 1.0ms
[2019-11-15T20:58:02.720+0530][gc,phases     ] GC(16)   Other: 0.4ms
[2019-11-15T20:58:02.720+0530][gc,heap       ] GC(16) Eden regions: 112->0(118)
[2019-11-15T20:58:02.720+0530][gc,heap       ] GC(16) Survivor regions: 3->3(15)
[2019-11-15T20:58:02.720+0530][gc,heap       ] GC(16) Old regions: 13->13
[2019-11-15T20:58:02.720+0530][gc,heap       ] GC(16) Archive regions: 2->2
[2019-11-15T20:58:02.720+0530][gc,heap       ] GC(16) Humongous regions: 129->129
[2019-11-15T20:58:02.720+0530][gc,metaspace  ] GC(16) Metaspace: 35958K->35958K(1081344K)
[2019-11-15T20:58:02.720+0530][gc            ] GC(16) Pause Young (Normal) (G1 Evacuation Pause) 256M->144M(1024M) 9.647ms
[2019-11-15T20:58:02.720+0530][gc,cpu        ] GC(16) User=0.03s Sys=0.00s Real=0.01s
[2019-11-15T21:29:18.975+0530][gc,start      ] GC(17) Pause Young (Normal) (G1 Evacuation Pause)
[2019-11-15T21:29:19.593+0530][gc,task       ] GC(17) Using 4 workers of 4 for evacuation
[2019-11-15T21:29:19.641+0530][gc,mmu        ] GC(17) MMU target violated: 21.0ms (20.0ms/21.0ms)
[2019-11-15T21:29:19.641+0530][gc,phases     ] GC(17)   Pre Evacuate Collection Set: 0.6ms
[2019-11-15T21:29:19.641+0530][gc,phases     ] GC(17)   Evacuate Collection Set: 38.3ms
[2019-11-15T21:29:19.641+0530][gc,phases     ] GC(17)   Post Evacuate Collection Set: 8.4ms
[2019-11-15T21:29:19.641+0530][gc,phases     ] GC(17)   Other: 619.1ms
[2019-11-15T21:29:19.641+0530][gc,heap       ] GC(17) Eden regions: 118->0(47)
[2019-11-15T21:29:19.641+0530][gc,heap       ] GC(17) Survivor regions: 3->4(16)
[2019-11-15T21:29:19.641+0530][gc,heap       ] GC(17) Old regions: 13->13
[2019-11-15T21:29:19.641+0530][gc,heap       ] GC(17) Archive regions: 2->2
[2019-11-15T21:29:19.641+0530][gc,heap       ] GC(17) Humongous regions: 129->129
[2019-11-15T21:29:19.641+0530][gc,metaspace  ] GC(17) Metaspace: 36211K->36211K(1081344K)
[2019-11-15T21:29:19.641+0530][gc            ] GC(17) Pause Young (Normal) (G1 Evacuation Pause) 262M->145M(1024M) 666.348ms
[2019-11-15T21:29:19.641+0530][gc,cpu        ] GC(17) User=0.05s Sys=0.00s Real=0.66s
[2019-11-15T21:42:23.498+0530][gc,start      ] GC(18) Pause Young (Normal) (G1 Evacuation Pause)
[2019-11-15T21:42:23.498+0530][gc,task       ] GC(18) Using 4 workers of 4 for evacuation
[2019-11-15T21:42:23.564+0530][gc,mmu        ] GC(18) MMU target violated: 21.0ms (20.0ms/21.0ms)
[2019-11-15T21:42:23.564+0530][gc,phases     ] GC(18)   Pre Evacuate Collection Set: 0.0ms
[2019-11-15T21:42:23.564+0530][gc,phases     ] GC(18)   Evacuate Collection Set: 8.2ms
[2019-11-15T21:42:23.564+0530][gc,phases     ] GC(18)   Post Evacuate Collection Set: 57.0ms
[2019-11-15T21:42:23.564+0530][gc,phases     ] GC(18)   Other: 0.4ms
[2019-11-15T21:42:23.564+0530][gc,heap       ] GC(18) Eden regions: 47->0(54)
[2019-11-15T21:42:23.564+0530][gc,heap       ] GC(18) Survivor regions: 4->3(7)
[2019-11-15T21:42:23.564+0530][gc,heap       ] GC(18) Old regions: 13->13
[2019-11-15T21:42:23.564+0530][gc,heap       ] GC(18) Archive regions: 2->2
[2019-11-15T21:42:23.564+0530][gc,heap       ] GC(18) Humongous regions: 129->129
[2019-11-15T21:42:23.564+0530][gc,metaspace  ] GC(18) Metaspace: 36217K->36217K(1081344K)
[2019-11-15T21:42:23.564+0530][gc            ] GC(18) Pause Young (Normal) (G1 Evacuation Pause) 192M->144M(1024M) 65.716ms
[2019-11-15T21:42:23.564+0530][gc,cpu        ] GC(18) User=0.04s Sys=0.00s Real=0.07s
[2019-11-15T21:57:27.796+0530][gc,start      ] GC(19) Pause Young (Normal) (G1 Evacuation Pause)
[2019-11-15T21:57:27.796+0530][gc,task       ] GC(19) Using 4 workers of 4 for evacuation
[2019-11-15T21:57:27.805+0530][gc,phases     ] GC(19)   Pre Evacuate Collection Set: 0.0ms
[2019-11-15T21:57:27.805+0530][gc,phases     ] GC(19)   Evacuate Collection Set: 7.9ms
[2019-11-15T21:57:27.805+0530][gc,phases     ] GC(19)   Post Evacuate Collection Set: 0.7ms
[2019-11-15T21:57:27.805+0530][gc,phases     ] GC(19)   Other: 0.4ms
[2019-11-15T21:57:27.805+0530][gc,heap       ] GC(19) Eden regions: 54->0(60)
[2019-11-15T21:57:27.805+0530][gc,heap       ] GC(19) Survivor regions: 3->3(8)
[2019-11-15T21:57:27.805+0530][gc,heap       ] GC(19) Old regions: 13->13
[2019-11-15T21:57:27.805+0530][gc,heap       ] GC(19) Archive regions: 2->2
[2019-11-15T21:57:27.805+0530][gc,heap       ] GC(19) Humongous regions: 129->129
[2019-11-15T21:57:27.805+0530][gc,metaspace  ] GC(19) Metaspace: 36220K->36220K(1081344K)
[2019-11-15T21:57:27.805+0530][gc            ] GC(19) Pause Young (Normal) (G1 Evacuation Pause) 198M->144M(1024M) 9.184ms
[2019-11-15T21:57:27.806+0530][gc,cpu        ] GC(19) User=0.04s Sys=0.00s Real=0.01s
[2019-11-15T22:12:37.797+0530][gc,start      ] GC(20) Pause Young (Normal) (G1 Evacuation Pause)
[2019-11-15T22:12:37.797+0530][gc,task       ] GC(20) Using 4 workers of 4 for evacuation
[2019-11-15T22:12:37.805+0530][gc,phases     ] GC(20)   Pre Evacuate Collection Set: 0.1ms
[2019-11-15T22:12:37.805+0530][gc,phases     ] GC(20)   Evacuate Collection Set: 7.6ms
[2019-11-15T22:12:37.805+0530][gc,phases     ] GC(20)   Post Evacuate Collection Set: 0.6ms
[2019-11-15T22:12:37.805+0530][gc,phases     ] GC(20)   Other: 0.5ms
[2019-11-15T22:12:37.805+0530][gc,heap       ] GC(20) Eden regions: 60->0(68)
[2019-11-15T22:12:37.805+0530][gc,heap       ] GC(20) Survivor regions: 3->3(8)
[2019-11-15T22:12:37.805+0530][gc,heap       ] GC(20) Old regions: 13->13
[2019-11-15T22:12:37.805+0530][gc,heap       ] GC(20) Archive regions: 2->2
[2019-11-15T22:12:37.805+0530][gc,heap       ] GC(20) Humongous regions: 129->129
[2019-11-15T22:12:37.805+0530][gc,metaspace  ] GC(20) Metaspace: 36267K->36267K(1081344K)
[2019-11-15T22:12:37.805+0530][gc            ] GC(20) Pause Young (Normal) (G1 Evacuation Pause) 204M->144M(1024M) 8.807ms
[2019-11-15T22:12:37.805+0530][gc,cpu        ] GC(20) User=0.03s Sys=0.00s Real=0.01s
[2019-11-15T22:31:42.942+0530][gc,start      ] GC(21) Pause Young (Normal) (G1 Evacuation Pause)
[2019-11-15T22:31:42.942+0530][gc,task       ] GC(21) Using 4 workers of 4 for evacuation
[2019-11-15T22:31:44.523+0530][gc,mmu        ] GC(21) MMU target violated: 21.0ms (20.0ms/21.0ms)
[2019-11-15T22:31:44.523+0530][gc,phases     ] GC(21)   Pre Evacuate Collection Set: 0.0ms
[2019-11-15T22:31:44.523+0530][gc,phases     ] GC(21)   Evacuate Collection Set: 8.2ms
[2019-11-15T22:31:44.523+0530][gc,phases     ] GC(21)   Post Evacuate Collection Set: 0.6ms
[2019-11-15T22:31:44.523+0530][gc,phases     ] GC(21)   Other: 1572.4ms
[2019-11-15T22:31:44.523+0530][gc,heap       ] GC(21) Eden regions: 68->0(48)
[2019-11-15T22:31:44.523+0530][gc,heap       ] GC(21) Survivor regions: 3->3(9)
[2019-11-15T22:31:44.523+0530][gc,heap       ] GC(21) Old regions: 13->13
[2019-11-15T22:31:44.523+0530][gc,heap       ] GC(21) Archive regions: 2->2
[2019-11-15T22:31:44.523+0530][gc,heap       ] GC(21) Humongous regions: 129->129
[2019-11-15T22:31:44.523+0530][gc,metaspace  ] GC(21) Metaspace: 36297K->36297K(1081344K)
[2019-11-15T22:31:44.523+0530][gc            ] GC(21) Pause Young (Normal) (G1 Evacuation Pause) 212M->144M(1024M) 1581.249ms
[2019-11-15T22:31:44.523+0530][gc,cpu        ] GC(21) User=0.04s Sys=0.00s Real=1.59s
[2019-11-15T22:45:12.796+0530][gc,start      ] GC(22) Pause Young (Normal) (G1 Evacuation Pause)
[2019-11-15T22:45:12.796+0530][gc,task       ] GC(22) Using 4 workers of 4 for evacuation
[2019-11-15T22:45:12.806+0530][gc,phases     ] GC(22)   Pre Evacuate Collection Set: 0.0ms
[2019-11-15T22:45:12.806+0530][gc,phases     ] GC(22)   Evacuate Collection Set: 9.1ms
[2019-11-15T22:45:12.806+0530][gc,phases     ] GC(22)   Post Evacuate Collection Set: 0.6ms
[2019-11-15T22:45:12.806+0530][gc,phases     ] GC(22)   Other: 0.4ms
[2019-11-15T22:45:12.806+0530][gc,heap       ] GC(22) Eden regions: 48->0(47)
[2019-11-15T22:45:12.806+0530][gc,heap       ] GC(22) Survivor regions: 3->4(7)
[2019-11-15T22:45:12.806+0530][gc,heap       ] GC(22) Old regions: 13->13
[2019-11-15T22:45:12.806+0530][gc,heap       ] GC(22) Archive regions: 2->2
[2019-11-15T22:45:12.806+0530][gc,heap       ] GC(22) Humongous regions: 129->129
[2019-11-15T22:45:12.806+0530][gc,metaspace  ] GC(22) Metaspace: 36302K->36302K(1081344K)
[2019-11-15T22:45:12.806+0530][gc            ] GC(22) Pause Young (Normal) (G1 Evacuation Pause) 192M->145M(1024M) 10.143ms
[2019-11-15T22:45:12.806+0530][gc,cpu        ] GC(22) User=0.04s Sys=0.00s Real=0.01s
[2019-11-15T22:58:12.333+0530][gc,start      ] GC(23) Pause Young (Normal) (G1 Evacuation Pause)
[2019-11-15T22:58:12.333+0530][gc,task       ] GC(23) Using 4 workers of 4 for evacuation
[2019-11-15T22:58:12.513+0530][gc,mmu        ] GC(23) MMU target violated: 21.0ms (20.0ms/21.0ms)
[2019-11-15T22:58:12.513+0530][gc,phases     ] GC(23)   Pre Evacuate Collection Set: 0.0ms
[2019-11-15T22:58:12.513+0530][gc,phases     ] GC(23)   Evacuate Collection Set: 179.4ms
[2019-11-15T22:58:12.513+0530][gc,phases     ] GC(23)   Post Evacuate Collection Set: 0.6ms
[2019-11-15T22:58:12.513+0530][gc,phases     ] GC(23)   Other: 0.4ms
[2019-11-15T22:58:12.513+0530][gc,heap       ] GC(23) Eden regions: 47->0(48)
[2019-11-15T22:58:12.513+0530][gc,heap       ] GC(23) Survivor regions: 4->3(7)
[2019-11-15T22:58:12.513+0530][gc,heap       ] GC(23) Old regions: 13->13
[2019-11-15T22:58:12.513+0530][gc,heap       ] GC(23) Archive regions: 2->2
[2019-11-15T22:58:12.513+0530][gc,heap       ] GC(23) Humongous regions: 129->129
[2019-11-15T22:58:12.513+0530][gc,metaspace  ] GC(23) Metaspace: 36306K->36306K(1081344K)
[2019-11-15T22:58:12.513+0530][gc            ] GC(23) Pause Young (Normal) (G1 Evacuation Pause) 192M->145M(1024M) 180.384ms
[2019-11-15T22:58:12.513+0530][gc,cpu        ] GC(23) User=0.20s Sys=0.00s Real=0.18s
[2019-11-15T23:10:55.978+0530][gc,start      ] GC(24) Pause Young (Normal) (G1 Evacuation Pause)
[2019-11-15T23:10:55.978+0530][gc,task       ] GC(24) Using 4 workers of 4 for evacuation
[2019-11-15T23:10:55.985+0530][gc,phases     ] GC(24)   Pre Evacuate Collection Set: 0.0ms
[2019-11-15T23:10:55.985+0530][gc,phases     ] GC(24)   Evacuate Collection Set: 5.9ms
[2019-11-15T23:10:55.985+0530][gc,phases     ] GC(24)   Post Evacuate Collection Set: 0.5ms
[2019-11-15T23:10:55.985+0530][gc,phases     ] GC(24)   Other: 0.3ms
[2019-11-15T23:10:55.985+0530][gc,heap       ] GC(24) Eden regions: 48->0(48)
[2019-11-15T23:10:55.985+0530][gc,heap       ] GC(24) Survivor regions: 3->3(7)
[2019-11-15T23:10:55.985+0530][gc,heap       ] GC(24) Old regions: 13->13
[2019-11-15T23:10:55.985+0530][gc,heap       ] GC(24) Archive regions: 2->2
[2019-11-15T23:10:55.985+0530][gc,heap       ] GC(24) Humongous regions: 129->129
[2019-11-15T23:10:55.985+0530][gc,metaspace  ] GC(24) Metaspace: 36310K->36310K(1081344K)
[2019-11-15T23:10:55.985+0530][gc            ] GC(24) Pause Young (Normal) (G1 Evacuation Pause) 193M->144M(1024M) 6.778ms
[2019-11-15T23:10:55.985+0530][gc,cpu        ] GC(24) User=0.03s Sys=0.00s Real=0.01s
[2019-11-15T23:24:22.796+0530][gc,start      ] GC(25) Pause Young (Normal) (G1 Evacuation Pause)
[2019-11-15T23:24:22.796+0530][gc,task       ] GC(25) Using 4 workers of 4 for evacuation
[2019-11-15T23:24:22.806+0530][gc,phases     ] GC(25)   Pre Evacuate Collection Set: 0.0ms
[2019-11-15T23:24:22.806+0530][gc,phases     ] GC(25)   Evacuate Collection Set: 8.3ms
[2019-11-15T23:24:22.806+0530][gc,phases     ] GC(25)   Post Evacuate Collection Set: 0.6ms
[2019-11-15T23:24:22.806+0530][gc,phases     ] GC(25)   Other: 0.4ms
[2019-11-15T23:24:22.806+0530][gc,heap       ] GC(25) Eden regions: 48->0(48)
[2019-11-15T23:24:22.806+0530][gc,heap       ] GC(25) Survivor regions: 3->3(7)
[2019-11-15T23:24:22.806+0530][gc,heap       ] GC(25) Old regions: 13->13
[2019-11-15T23:24:22.806+0530][gc,heap       ] GC(25) Archive regions: 2->2
[2019-11-15T23:24:22.806+0530][gc,heap       ] GC(25) Humongous regions: 129->129
[2019-11-15T23:24:22.806+0530][gc,metaspace  ] GC(25) Metaspace: 36311K->36311K(1081344K)
[2019-11-15T23:24:22.806+0530][gc            ] GC(25) Pause Young (Normal) (G1 Evacuation Pause) 192M->145M(1024M) 9.369ms
[2019-11-15T23:24:22.806+0530][gc,cpu        ] GC(25) User=0.04s Sys=0.00s Real=0.01s
[2019-11-15T23:37:42.796+0530][gc,start      ] GC(26) Pause Young (Normal) (G1 Evacuation Pause)
[2019-11-15T23:37:42.796+0530][gc,task       ] GC(26) Using 4 workers of 4 for evacuation
[2019-11-15T23:37:42.804+0530][gc,phases     ] GC(26)   Pre Evacuate Collection Set: 0.0ms
[2019-11-15T23:37:42.804+0530][gc,phases     ] GC(26)   Evacuate Collection Set: 7.1ms
[2019-11-15T23:37:42.804+0530][gc,phases     ] GC(26)   Post Evacuate Collection Set: 0.6ms
[2019-11-15T23:37:42.804+0530][gc,phases     ] GC(26)   Other: 0.3ms
[2019-11-15T23:37:42.804+0530][gc,heap       ] GC(26) Eden regions: 48->0(48)
[2019-11-15T23:37:42.804+0530][gc,heap       ] GC(26) Survivor regions: 3->3(7)
[2019-11-15T23:37:42.804+0530][gc,heap       ] GC(26) Old regions: 13->13
[2019-11-15T23:37:42.804+0530][gc,heap       ] GC(26) Archive regions: 2->2
[2019-11-15T23:37:42.804+0530][gc,heap       ] GC(26) Humongous regions: 129->129
[2019-11-15T23:37:42.804+0530][gc,metaspace  ] GC(26) Metaspace: 36312K->36312K(1081344K)
[2019-11-15T23:37:42.804+0530][gc            ] GC(26) Pause Young (Normal) (G1 Evacuation Pause) 193M->144M(1024M) 8.154ms
[2019-11-15T23:37:42.804+0530][gc,cpu        ] GC(26) User=0.03s Sys=0.00s Real=0.01s
[2019-11-15T23:51:09.747+0530][gc,start      ] GC(27) Pause Young (Normal) (G1 Evacuation Pause)
[2019-11-15T23:51:09.747+0530][gc,task       ] GC(27) Using 4 workers of 4 for evacuation
[2019-11-15T23:51:09.757+0530][gc,phases     ] GC(27)   Pre Evacuate Collection Set: 0.0ms
[2019-11-15T23:51:09.757+0530][gc,phases     ] GC(27)   Evacuate Collection Set: 8.4ms
[2019-11-15T23:51:09.757+0530][gc,phases     ] GC(27)   Post Evacuate Collection Set: 0.5ms
[2019-11-15T23:51:09.757+0530][gc,phases     ] GC(27)   Other: 0.4ms
[2019-11-15T23:51:09.757+0530][gc,heap       ] GC(27) Eden regions: 48->0(47)
[2019-11-15T23:51:09.757+0530][gc,heap       ] GC(27) Survivor regions: 3->4(7)
[2019-11-15T23:51:09.757+0530][gc,heap       ] GC(27) Old regions: 13->13
[2019-11-15T23:51:09.757+0530][gc,heap       ] GC(27) Archive regions: 2->2
[2019-11-15T23:51:09.757+0530][gc,heap       ] GC(27) Humongous regions: 129->129
[2019-11-15T23:51:09.757+0530][gc,metaspace  ] GC(27) Metaspace: 36315K->36315K(1081344K)
[2019-11-15T23:51:09.757+0530][gc            ] GC(27) Pause Young (Normal) (G1 Evacuation Pause) 192M->145M(1024M) 9.402ms
[2019-11-15T23:51:09.757+0530][gc,cpu        ] GC(27) User=0.03s Sys=0.00s Real=0.01s
[2019-11-16T00:03:30.992+0530][gc,start      ] GC(28) Pause Young (Normal) (G1 Evacuation Pause)
[2019-11-16T00:03:30.992+0530][gc,task       ] GC(28) Using 4 workers of 4 for evacuation
[2019-11-16T00:03:31.000+0530][gc,phases     ] GC(28)   Pre Evacuate Collection Set: 0.0ms
[2019-11-16T00:03:31.000+0530][gc,phases     ] GC(28)   Evacuate Collection Set: 7.0ms
[2019-11-16T00:03:31.000+0530][gc,phases     ] GC(28)   Post Evacuate Collection Set: 0.7ms
[2019-11-16T00:03:31.000+0530][gc,phases     ] GC(28)   Other: 0.4ms
[2019-11-16T00:03:31.000+0530][gc,heap       ] GC(28) Eden regions: 47->0(48)
[2019-11-16T00:03:31.000+0530][gc,heap       ] GC(28) Survivor regions: 4->3(7)
[2019-11-16T00:03:31.000+0530][gc,heap       ] GC(28) Old regions: 13->13
[2019-11-16T00:03:31.000+0530][gc,heap       ] GC(28) Archive regions: 2->2
[2019-11-16T00:03:31.000+0530][gc,heap       ] GC(28) Humongous regions: 129->129
[2019-11-16T00:03:31.000+0530][gc,metaspace  ] GC(28) Metaspace: 36316K->36316K(1081344K)
[2019-11-16T00:03:31.000+0530][gc            ] GC(28) Pause Young (Normal) (G1 Evacuation Pause) 192M->144M(1024M) 8.299ms
[2019-11-16T00:03:31.000+0530][gc,cpu        ] GC(28) User=0.03s Sys=0.00s Real=0.00s
[2019-11-16T00:16:55.345+0530][gc,start      ] GC(29) Pause Young (Normal) (G1 Evacuation Pause)
[2019-11-16T00:16:55.345+0530][gc,task       ] GC(29) Using 4 workers of 4 for evacuation
[2019-11-16T00:16:55.354+0530][gc,phases     ] GC(29)   Pre Evacuate Collection Set: 0.0ms
[2019-11-16T00:16:55.354+0530][gc,phases     ] GC(29)   Evacuate Collection Set: 8.7ms
[2019-11-16T00:16:55.354+0530][gc,phases     ] GC(29)   Post Evacuate Collection Set: 0.6ms
[2019-11-16T00:16:55.354+0530][gc,phases     ] GC(29)   Other: 0.4ms
[2019-11-16T00:16:55.354+0530][gc,heap       ] GC(29) Eden regions: 48->0(47)
[2019-11-16T00:16:55.354+0530][gc,heap       ] GC(29) Survivor regions: 3->4(7)
[2019-11-16T00:16:55.354+0530][gc,heap       ] GC(29) Old regions: 13->13
[2019-11-16T00:16:55.354+0530][gc,heap       ] GC(29) Archive regions: 2->2
[2019-11-16T00:16:55.354+0530][gc,heap       ] GC(29) Humongous regions: 129->129
[2019-11-16T00:16:55.355+0530][gc,metaspace  ] GC(29) Metaspace: 36317K->36317K(1081344K)
[2019-11-16T00:16:55.355+0530][gc            ] GC(29) Pause Young (Normal) (G1 Evacuation Pause) 192M->145M(1024M) 9.830ms
[2019-11-16T00:16:55.355+0530][gc,cpu        ] GC(29) User=0.03s Sys=0.00s Real=0.01s
[2019-11-16T00:30:05.106+0530][gc,start      ] GC(30) Pause Young (Normal) (G1 Evacuation Pause)
[2019-11-16T00:30:05.106+0530][gc,task       ] GC(30) Using 4 workers of 4 for evacuation
[2019-11-16T00:30:05.113+0530][gc,phases     ] GC(30)   Pre Evacuate Collection Set: 0.0ms
[2019-11-16T00:30:05.113+0530][gc,phases     ] GC(30)   Evacuate Collection Set: 6.3ms
[2019-11-16T00:30:05.113+0530][gc,phases     ] GC(30)   Post Evacuate Collection Set: 0.8ms
[2019-11-16T00:30:05.113+0530][gc,phases     ] GC(30)   Other: 0.3ms
[2019-11-16T00:30:05.113+0530][gc,heap       ] GC(30) Eden regions: 47->0(48)
[2019-11-16T00:30:05.113+0530][gc,heap       ] GC(30) Survivor regions: 4->3(7)
[2019-11-16T00:30:05.113+0530][gc,heap       ] GC(30) Old regions: 13->13
[2019-11-16T00:30:05.113+0530][gc,heap       ] GC(30) Archive regions: 2->2
[2019-11-16T00:30:05.113+0530][gc,heap       ] GC(30) Humongous regions: 129->129
[2019-11-16T00:30:05.113+0530][gc,metaspace  ] GC(30) Metaspace: 36331K->36331K(1081344K)
[2019-11-16T00:30:05.113+0530][gc            ] GC(30) Pause Young (Normal) (G1 Evacuation Pause) 192M->145M(1024M) 7.487ms
[2019-11-16T00:30:05.113+0530][gc,cpu        ] GC(30) User=0.03s Sys=0.00s Real=0.01s
[2019-11-16T00:43:27.796+0530][gc,start      ] GC(31) Pause Young (Normal) (G1 Evacuation Pause)
[2019-11-16T00:43:27.796+0530][gc,task       ] GC(31) Using 4 workers of 4 for evacuation
[2019-11-16T00:43:27.802+0530][gc,phases     ] GC(31)   Pre Evacuate Collection Set: 0.0ms
[2019-11-16T00:43:27.802+0530][gc,phases     ] GC(31)   Evacuate Collection Set: 4.7ms
[2019-11-16T00:43:27.802+0530][gc,phases     ] GC(31)   Post Evacuate Collection Set: 0.8ms
[2019-11-16T00:43:27.802+0530][gc,phases     ] GC(31)   Other: 0.2ms
[2019-11-16T00:43:27.802+0530][gc,heap       ] GC(31) Eden regions: 48->0(48)
[2019-11-16T00:43:27.802+0530][gc,heap       ] GC(31) Survivor regions: 3->3(7)
[2019-11-16T00:43:27.802+0530][gc,heap       ] GC(31) Old regions: 13->13
[2019-11-16T00:43:27.802+0530][gc,heap       ] GC(31) Archive regions: 2->2
[2019-11-16T00:43:27.802+0530][gc,heap       ] GC(31) Humongous regions: 129->129
[2019-11-16T00:43:27.802+0530][gc,metaspace  ] GC(31) Metaspace: 36354K->36354K(1081344K)
[2019-11-16T00:43:27.802+0530][gc            ] GC(31) Pause Young (Normal) (G1 Evacuation Pause) 193M->144M(1024M) 5.860ms
[2019-11-16T00:43:27.802+0530][gc,cpu        ] GC(31) User=0.02s Sys=0.00s Real=0.00s
[2019-11-16T00:56:52.796+0530][gc,start      ] GC(32) Pause Young (Normal) (G1 Evacuation Pause)
[2019-11-16T00:56:52.796+0530][gc,task       ] GC(32) Using 4 workers of 4 for evacuation
[2019-11-16T00:56:52.804+0530][gc,phases     ] GC(32)   Pre Evacuate Collection Set: 0.0ms
[2019-11-16T00:56:52.804+0530][gc,phases     ] GC(32)   Evacuate Collection Set: 7.4ms
[2019-11-16T00:56:52.804+0530][gc,phases     ] GC(32)   Post Evacuate Collection Set: 0.4ms
[2019-11-16T00:56:52.804+0530][gc,phases     ] GC(32)   Other: 0.3ms
[2019-11-16T00:56:52.804+0530][gc,heap       ] GC(32) Eden regions: 48->0(48)
[2019-11-16T00:56:52.804+0530][gc,heap       ] GC(32) Survivor regions: 3->3(7)
[2019-11-16T00:56:52.804+0530][gc,heap       ] GC(32) Old regions: 13->13
[2019-11-16T00:56:52.804+0530][gc,heap       ] GC(32) Archive regions: 2->2
[2019-11-16T00:56:52.804+0530][gc,heap       ] GC(32) Humongous regions: 129->129
[2019-11-16T00:56:52.804+0530][gc,metaspace  ] GC(32) Metaspace: 36356K->36356K(1081344K)
[2019-11-16T00:56:52.804+0530][gc            ] GC(32) Pause Young (Normal) (G1 Evacuation Pause) 192M->145M(1024M) 8.249ms
[2019-11-16T00:56:52.804+0530][gc,cpu        ] GC(32) User=0.03s Sys=0.00s Real=0.01s
[2019-11-16T01:09:31.493+0530][gc,start      ] GC(33) Pause Young (Normal) (G1 Evacuation Pause)
[2019-11-16T01:09:31.493+0530][gc,task       ] GC(33) Using 4 workers of 4 for evacuation
[2019-11-16T01:09:31.501+0530][gc,phases     ] GC(33)   Pre Evacuate Collection Set: 0.0ms
[2019-11-16T01:09:31.501+0530][gc,phases     ] GC(33)   Evacuate Collection Set: 7.1ms
[2019-11-16T01:09:31.501+0530][gc,phases     ] GC(33)   Post Evacuate Collection Set: 0.4ms
[2019-11-16T01:09:31.501+0530][gc,phases     ] GC(33)   Other: 0.4ms
[2019-11-16T01:09:31.501+0530][gc,heap       ] GC(33) Eden regions: 48->0(48)
[2019-11-16T01:09:31.501+0530][gc,heap       ] GC(33) Survivor regions: 3->3(7)
[2019-11-16T01:09:31.501+0530][gc,heap       ] GC(33) Old regions: 13->13
[2019-11-16T01:09:31.501+0530][gc,heap       ] GC(33) Archive regions: 2->2
[2019-11-16T01:09:31.501+0530][gc,heap       ] GC(33) Humongous regions: 129->129
[2019-11-16T01:09:31.501+0530][gc,metaspace  ] GC(33) Metaspace: 36358K->36358K(1081344K)
[2019-11-16T01:09:31.501+0530][gc            ] GC(33) Pause Young (Normal) (G1 Evacuation Pause) 193M->144M(1024M) 8.046ms
[2019-11-16T01:09:31.501+0530][gc,cpu        ] GC(33) User=0.03s Sys=0.00s Real=0.00s
[2019-11-16T01:22:52.796+0530][gc,start      ] GC(34) Pause Young (Normal) (G1 Evacuation Pause)
[2019-11-16T01:22:52.796+0530][gc,task       ] GC(34) Using 4 workers of 4 for evacuation
[2019-11-16T01:22:52.803+0530][gc,phases     ] GC(34)   Pre Evacuate Collection Set: 0.0ms
[2019-11-16T01:22:52.803+0530][gc,phases     ] GC(34)   Evacuate Collection Set: 6.3ms
[2019-11-16T01:22:52.803+0530][gc,phases     ] GC(34)   Post Evacuate Collection Set: 0.4ms
[2019-11-16T01:22:52.803+0530][gc,phases     ] GC(34)   Other: 0.3ms
[2019-11-16T01:22:52.803+0530][gc,heap       ] GC(34) Eden regions: 48->0(48)
[2019-11-16T01:22:52.803+0530][gc,heap       ] GC(34) Survivor regions: 3->3(7)
[2019-11-16T01:22:52.803+0530][gc,heap       ] GC(34) Old regions: 13->13
[2019-11-16T01:22:52.803+0530][gc,heap       ] GC(34) Archive regions: 2->2
[2019-11-16T01:22:52.803+0530][gc,heap       ] GC(34) Humongous regions: 129->129
[2019-11-16T01:22:52.803+0530][gc,metaspace  ] GC(34) Metaspace: 36358K->36358K(1081344K)
[2019-11-16T01:22:52.803+0530][gc            ] GC(34) Pause Young (Normal) (G1 Evacuation Pause) 192M->145M(1024M) 7.109ms
[2019-11-16T01:22:52.803+0530][gc,cpu        ] GC(34) User=0.03s Sys=0.00s Real=0.01s
[2019-11-16T09:57:42.511+0530][gc,start      ] GC(35) Pause Young (Normal) (G1 Evacuation Pause)
[2019-11-16T09:57:42.558+0530][gc,task       ] GC(35) Using 4 workers of 4 for evacuation
[2019-11-16T09:57:42.876+0530][gc,mmu        ] GC(35) MMU target violated: 21.0ms (20.0ms/21.0ms)
[2019-11-16T09:57:42.876+0530][gc,phases     ] GC(35)   Pre Evacuate Collection Set: 12.8ms
[2019-11-16T09:57:42.876+0530][gc,phases     ] GC(35)   Evacuate Collection Set: 99.3ms
[2019-11-16T09:57:42.876+0530][gc,phases     ] GC(35)   Post Evacuate Collection Set: 66.8ms
[2019-11-16T09:57:42.887+0530][gc,phases     ] GC(35)   Other: 320.3ms
[2019-11-16T09:57:42.897+0530][gc,heap       ] GC(35) Eden regions: 48->0(48)
[2019-11-16T09:57:42.897+0530][gc,heap       ] GC(35) Survivor regions: 3->3(7)
[2019-11-16T09:57:42.897+0530][gc,heap       ] GC(35) Old regions: 13->13
[2019-11-16T09:57:42.897+0530][gc,heap       ] GC(35) Archive regions: 2->2
[2019-11-16T09:57:42.897+0530][gc,heap       ] GC(35) Humongous regions: 129->129
[2019-11-16T09:57:42.926+0530][gc,metaspace  ] GC(35) Metaspace: 36363K->36363K(1081344K)
[2019-11-16T09:57:42.954+0530][gc            ] GC(35) Pause Young (Normal) (G1 Evacuation Pause) 193M->145M(1024M) 457.192ms
[2019-11-16T09:57:42.955+0530][gc,cpu        ] GC(35) User=0.02s Sys=0.00s Real=0.48s
[2019-11-16T10:11:06.706+0530][gc,start      ] GC(36) Pause Young (Normal) (G1 Evacuation Pause)
[2019-11-16T10:11:06.706+0530][gc,task       ] GC(36) Using 4 workers of 4 for evacuation
[2019-11-16T10:11:06.714+0530][gc,phases     ] GC(36)   Pre Evacuate Collection Set: 0.0ms
[2019-11-16T10:11:06.714+0530][gc,phases     ] GC(36)   Evacuate Collection Set: 6.8ms
[2019-11-16T10:11:06.714+0530][gc,phases     ] GC(36)   Post Evacuate Collection Set: 0.6ms
[2019-11-16T10:11:06.714+0530][gc,phases     ] GC(36)   Other: 0.3ms
[2019-11-16T10:11:06.714+0530][gc,heap       ] GC(36) Eden regions: 48->0(47)
[2019-11-16T10:11:06.714+0530][gc,heap       ] GC(36) Survivor regions: 3->4(7)
[2019-11-16T10:11:06.714+0530][gc,heap       ] GC(36) Old regions: 13->13
[2019-11-16T10:11:06.714+0530][gc,heap       ] GC(36) Archive regions: 2->2
[2019-11-16T10:11:06.714+0530][gc,heap       ] GC(36) Humongous regions: 129->129
[2019-11-16T10:11:06.714+0530][gc,metaspace  ] GC(36) Metaspace: 36363K->36363K(1081344K)
[2019-11-16T10:11:06.714+0530][gc            ] GC(36) Pause Young (Normal) (G1 Evacuation Pause) 193M->145M(1024M) 7.831ms
[2019-11-16T10:11:06.714+0530][gc,cpu        ] GC(36) User=0.02s Sys=0.00s Real=0.01s
[2019-11-16T10:23:27.658+0530][gc,start      ] GC(37) Pause Young (Normal) (G1 Evacuation Pause)
[2019-11-16T10:23:27.658+0530][gc,task       ] GC(37) Using 4 workers of 4 for evacuation
[2019-11-16T10:23:27.662+0530][gc,phases     ] GC(37)   Pre Evacuate Collection Set: 0.0ms
[2019-11-16T10:23:27.662+0530][gc,phases     ] GC(37)   Evacuate Collection Set: 3.6ms
[2019-11-16T10:23:27.662+0530][gc,phases     ] GC(37)   Post Evacuate Collection Set: 0.4ms
[2019-11-16T10:23:27.663+0530][gc,phases     ] GC(37)   Other: 0.2ms
[2019-11-16T10:23:27.663+0530][gc,heap       ] GC(37) Eden regions: 47->0(48)
[2019-11-16T10:23:27.663+0530][gc,heap       ] GC(37) Survivor regions: 4->3(7)
[2019-11-16T10:23:27.663+0530][gc,heap       ] GC(37) Old regions: 13->13
[2019-11-16T10:23:27.663+0530][gc,heap       ] GC(37) Archive regions: 2->2
[2019-11-16T10:23:27.663+0530][gc,heap       ] GC(37) Humongous regions: 129->129
[2019-11-16T10:23:27.663+0530][gc,metaspace  ] GC(37) Metaspace: 36365K->36365K(1081344K)
[2019-11-16T10:23:27.663+0530][gc            ] GC(37) Pause Young (Normal) (G1 Evacuation Pause) 192M->145M(1024M) 4.332ms
[2019-11-16T10:23:27.663+0530][gc,cpu        ] GC(37) User=0.02s Sys=0.00s Real=0.00s
[2019-11-16T10:36:52.659+0530][gc,start      ] GC(38) Pause Young (Normal) (G1 Evacuation Pause)
[2019-11-16T10:36:52.659+0530][gc,task       ] GC(38) Using 4 workers of 4 for evacuation
[2019-11-16T10:36:52.665+0530][gc,phases     ] GC(38)   Pre Evacuate Collection Set: 0.0ms
[2019-11-16T10:36:52.665+0530][gc,phases     ] GC(38)   Evacuate Collection Set: 5.5ms
[2019-11-16T10:36:52.665+0530][gc,phases     ] GC(38)   Post Evacuate Collection Set: 0.5ms
[2019-11-16T10:36:52.665+0530][gc,phases     ] GC(38)   Other: 0.3ms
[2019-11-16T10:36:52.665+0530][gc,heap       ] GC(38) Eden regions: 48->0(49)
[2019-11-16T10:36:52.665+0530][gc,heap       ] GC(38) Survivor regions: 3->2(7)
[2019-11-16T10:36:52.665+0530][gc,heap       ] GC(38) Old regions: 13->13
[2019-11-16T10:36:52.665+0530][gc,heap       ] GC(38) Archive regions: 2->2
[2019-11-16T10:36:52.665+0530][gc,heap       ] GC(38) Humongous regions: 129->129
[2019-11-16T10:36:52.665+0530][gc,metaspace  ] GC(38) Metaspace: 36365K->36365K(1081344K)
[2019-11-16T10:36:52.665+0530][gc            ] GC(38) Pause Young (Normal) (G1 Evacuation Pause) 193M->144M(1024M) 6.406ms
[2019-11-16T10:36:52.665+0530][gc,cpu        ] GC(38) User=0.02s Sys=0.01s Real=0.00s
[2019-11-16T10:50:32.871+0530][gc,start      ] GC(39) Pause Young (Normal) (G1 Evacuation Pause)
[2019-11-16T10:50:32.871+0530][gc,task       ] GC(39) Using 4 workers of 4 for evacuation
[2019-11-16T10:50:32.879+0530][gc,phases     ] GC(39)   Pre Evacuate Collection Set: 0.0ms
[2019-11-16T10:50:32.879+0530][gc,phases     ] GC(39)   Evacuate Collection Set: 6.7ms
[2019-11-16T10:50:32.879+0530][gc,phases     ] GC(39)   Post Evacuate Collection Set: 0.9ms
[2019-11-16T10:50:32.879+0530][gc,phases     ] GC(39)   Other: 0.3ms
[2019-11-16T10:50:32.879+0530][gc,heap       ] GC(39) Eden regions: 49->0(48)
[2019-11-16T10:50:32.879+0530][gc,heap       ] GC(39) Survivor regions: 2->3(7)
[2019-11-16T10:50:32.879+0530][gc,heap       ] GC(39) Old regions: 13->13
[2019-11-16T10:50:32.879+0530][gc,heap       ] GC(39) Archive regions: 2->2
[2019-11-16T10:50:32.879+0530][gc,heap       ] GC(39) Humongous regions: 129->129
[2019-11-16T10:50:32.879+0530][gc,metaspace  ] GC(39) Metaspace: 36377K->36377K(1081344K)
[2019-11-16T10:50:32.879+0530][gc            ] GC(39) Pause Young (Normal) (G1 Evacuation Pause) 193M->145M(1024M) 8.244ms
[2019-11-16T10:50:32.880+0530][gc,cpu        ] GC(39) User=0.03s Sys=0.00s Real=0.01s
[2019-11-16T11:04:01.512+0530][gc,start      ] GC(40) Pause Young (Normal) (G1 Evacuation Pause)
[2019-11-16T11:04:01.512+0530][gc,task       ] GC(40) Using 4 workers of 4 for evacuation
[2019-11-16T11:04:01.518+0530][gc,phases     ] GC(40)   Pre Evacuate Collection Set: 0.1ms
[2019-11-16T11:04:01.519+0530][gc,phases     ] GC(40)   Evacuate Collection Set: 5.8ms
[2019-11-16T11:04:01.519+0530][gc,phases     ] GC(40)   Post Evacuate Collection Set: 0.3ms
[2019-11-16T11:04:01.519+0530][gc,phases     ] GC(40)   Other: 0.3ms
[2019-11-16T11:04:01.519+0530][gc,heap       ] GC(40) Eden regions: 48->0(48)
[2019-11-16T11:04:01.519+0530][gc,heap       ] GC(40) Survivor regions: 3->3(7)
[2019-11-16T11:04:01.519+0530][gc,heap       ] GC(40) Old regions: 13->13
[2019-11-16T11:04:01.519+0530][gc,heap       ] GC(40) Archive regions: 2->2
[2019-11-16T11:04:01.519+0530][gc,heap       ] GC(40) Humongous regions: 129->129
[2019-11-16T11:04:01.519+0530][gc,metaspace  ] GC(40) Metaspace: 36385K->36385K(1081344K)
[2019-11-16T11:04:01.519+0530][gc            ] GC(40) Pause Young (Normal) (G1 Evacuation Pause) 193M->145M(1024M) 6.639ms
[2019-11-16T11:04:01.519+0530][gc,cpu        ] GC(40) User=0.01s Sys=0.00s Real=0.01s
[2019-11-16T11:17:32.381+0530][gc,start      ] GC(41) Pause Young (Normal) (G1 Evacuation Pause)
[2019-11-16T11:17:32.381+0530][gc,task       ] GC(41) Using 4 workers of 4 for evacuation
[2019-11-16T11:17:32.388+0530][gc,phases     ] GC(41)   Pre Evacuate Collection Set: 0.0ms
[2019-11-16T11:17:32.389+0530][gc,phases     ] GC(41)   Evacuate Collection Set: 6.2ms
[2019-11-16T11:17:32.389+0530][gc,phases     ] GC(41)   Post Evacuate Collection Set: 1.3ms
[2019-11-16T11:17:32.389+0530][gc,phases     ] GC(41)   Other: 0.3ms
[2019-11-16T11:17:32.389+0530][gc,heap       ] GC(41) Eden regions: 48->0(47)
[2019-11-16T11:17:32.389+0530][gc,heap       ] GC(41) Survivor regions: 3->4(7)
[2019-11-16T11:17:32.389+0530][gc,heap       ] GC(41) Old regions: 13->13
[2019-11-16T11:17:32.389+0530][gc,heap       ] GC(41) Archive regions: 2->2
[2019-11-16T11:17:32.389+0530][gc,heap       ] GC(41) Humongous regions: 129->129
[2019-11-16T11:17:32.389+0530][gc,metaspace  ] GC(41) Metaspace: 36391K->36391K(1081344K)
[2019-11-16T11:17:32.389+0530][gc            ] GC(41) Pause Young (Normal) (G1 Evacuation Pause) 193M->145M(1024M) 7.975ms
[2019-11-16T11:17:32.389+0530][gc,cpu        ] GC(41) User=0.02s Sys=0.00s Real=0.01s
[2019-11-16T11:29:55.840+0530][gc,start      ] GC(42) Pause Young (Normal) (G1 Evacuation Pause)
[2019-11-16T11:29:55.840+0530][gc,task       ] GC(42) Using 4 workers of 4 for evacuation
[2019-11-16T11:29:55.847+0530][gc,phases     ] GC(42)   Pre Evacuate Collection Set: 0.0ms
[2019-11-16T11:29:55.847+0530][gc,phases     ] GC(42)   Evacuate Collection Set: 6.8ms
[2019-11-16T11:29:55.847+0530][gc,phases     ] GC(42)   Post Evacuate Collection Set: 0.4ms
[2019-11-16T11:29:55.847+0530][gc,phases     ] GC(42)   Other: 0.4ms
[2019-11-16T11:29:55.847+0530][gc,heap       ] GC(42) Eden regions: 47->0(48)
[2019-11-16T11:29:55.847+0530][gc,heap       ] GC(42) Survivor regions: 4->3(7)
[2019-11-16T11:29:55.847+0530][gc,heap       ] GC(42) Old regions: 13->14
[2019-11-16T11:29:55.847+0530][gc,heap       ] GC(42) Archive regions: 2->2
[2019-11-16T11:29:55.847+0530][gc,heap       ] GC(42) Humongous regions: 129->129
[2019-11-16T11:29:55.847+0530][gc,metaspace  ] GC(42) Metaspace: 36395K->36395K(1081344K)
[2019-11-16T11:29:55.847+0530][gc            ] GC(42) Pause Young (Normal) (G1 Evacuation Pause) 192M->145M(1024M) 7.681ms
[2019-11-16T11:29:55.847+0530][gc,cpu        ] GC(42) User=0.02s Sys=0.00s Real=0.01s
[2019-11-16T11:43:23.130+0530][gc,start      ] GC(43) Pause Young (Normal) (G1 Evacuation Pause)
[2019-11-16T11:43:23.130+0530][gc,task       ] GC(43) Using 4 workers of 4 for evacuation
[2019-11-16T11:43:23.140+0530][gc,phases     ] GC(43)   Pre Evacuate Collection Set: 0.0ms
[2019-11-16T11:43:23.140+0530][gc,phases     ] GC(43)   Evacuate Collection Set: 9.1ms
[2019-11-16T11:43:23.140+0530][gc,phases     ] GC(43)   Post Evacuate Collection Set: 0.4ms
[2019-11-16T11:43:23.140+0530][gc,phases     ] GC(43)   Other: 0.3ms
[2019-11-16T11:43:23.140+0530][gc,heap       ] GC(43) Eden regions: 48->0(48)
[2019-11-16T11:43:23.140+0530][gc,heap       ] GC(43) Survivor regions: 3->3(7)
[2019-11-16T11:43:23.140+0530][gc,heap       ] GC(43) Old regions: 14->14
[2019-11-16T11:43:23.140+0530][gc,heap       ] GC(43) Archive regions: 2->2
[2019-11-16T11:43:23.140+0530][gc,heap       ] GC(43) Humongous regions: 129->129
[2019-11-16T11:43:23.140+0530][gc,metaspace  ] GC(43) Metaspace: 36397K->36397K(1081344K)
[2019-11-16T11:43:23.140+0530][gc            ] GC(43) Pause Young (Normal) (G1 Evacuation Pause) 193M->145M(1024M) 10.006ms
[2019-11-16T11:43:23.140+0530][gc,cpu        ] GC(43) User=0.03s Sys=0.00s Real=0.01s
[2019-11-16T11:56:47.659+0530][gc,start      ] GC(44) Pause Young (Normal) (G1 Evacuation Pause)
[2019-11-16T11:56:47.659+0530][gc,task       ] GC(44) Using 4 workers of 4 for evacuation
[2019-11-16T11:56:47.666+0530][gc,phases     ] GC(44)   Pre Evacuate Collection Set: 0.0ms
[2019-11-16T11:56:47.666+0530][gc,phases     ] GC(44)   Evacuate Collection Set: 6.6ms
[2019-11-16T11:56:47.666+0530][gc,phases     ] GC(44)   Post Evacuate Collection Set: 0.5ms
[2019-11-16T11:56:47.666+0530][gc,phases     ] GC(44)   Other: 0.4ms
[2019-11-16T11:56:47.666+0530][gc,heap       ] GC(44) Eden regions: 48->0(48)
[2019-11-16T11:56:47.666+0530][gc,heap       ] GC(44) Survivor regions: 3->3(7)
[2019-11-16T11:56:47.666+0530][gc,heap       ] GC(44) Old regions: 14->14
[2019-11-16T11:56:47.666+0530][gc,heap       ] GC(44) Archive regions: 2->2
[2019-11-16T11:56:47.666+0530][gc,heap       ] GC(44) Humongous regions: 129->129
[2019-11-16T11:56:47.666+0530][gc,metaspace  ] GC(44) Metaspace: 36398K->36398K(1081344K)
[2019-11-16T11:56:47.666+0530][gc            ] GC(44) Pause Young (Normal) (G1 Evacuation Pause) 193M->145M(1024M) 7.695ms
[2019-11-16T11:56:47.666+0530][gc,cpu        ] GC(44) User=0.03s Sys=0.00s Real=0.01s
[2019-11-16T12:10:12.907+0530][gc,start      ] GC(45) Pause Young (Normal) (G1 Evacuation Pause)
[2019-11-16T12:10:13.247+0530][gc,task       ] GC(45) Using 4 workers of 4 for evacuation
[2019-11-16T12:10:13.268+0530][gc,mmu        ] GC(45) MMU target violated: 20.9ms (20.0ms/21.0ms)
[2019-11-16T12:10:13.568+0530][gc,phases     ] GC(45)   Pre Evacuate Collection Set: 0.0ms
[2019-11-16T12:10:13.568+0530][gc,phases     ] GC(45)   Evacuate Collection Set: 20.4ms
[2019-11-16T12:10:13.569+0530][gc,phases     ] GC(45)   Post Evacuate Collection Set: 0.5ms
[2019-11-16T12:10:13.569+0530][gc,phases     ] GC(45)   Other: 802.1ms
[2019-11-16T12:10:13.569+0530][gc,heap       ] GC(45) Eden regions: 48->0(72)
[2019-11-16T12:10:13.569+0530][gc,heap       ] GC(45) Survivor regions: 3->3(7)
[2019-11-16T12:10:13.569+0530][gc,heap       ] GC(45) Old regions: 14->14
[2019-11-16T12:10:13.569+0530][gc,heap       ] GC(45) Archive regions: 2->2
[2019-11-16T12:10:13.569+0530][gc,heap       ] GC(45) Humongous regions: 129->129
[2019-11-16T12:10:13.569+0530][gc,metaspace  ] GC(45) Metaspace: 36398K->36398K(1081344K)
[2019-11-16T12:10:13.569+0530][gc            ] GC(45) Pause Young (Normal) (G1 Evacuation Pause) 193M->144M(1024M) 685.682ms
[2019-11-16T12:10:13.569+0530][gc,cpu        ] GC(45) User=0.02s Sys=0.00s Real=0.69s
[2019-11-16T12:29:42.218+0530][gc,start      ] GC(46) Pause Young (Normal) (G1 Evacuation Pause)
[2019-11-16T12:29:42.218+0530][gc,task       ] GC(46) Using 4 workers of 4 for evacuation
[2019-11-16T12:29:42.226+0530][gc,phases     ] GC(46)   Pre Evacuate Collection Set: 0.0ms
[2019-11-16T12:29:42.226+0530][gc,phases     ] GC(46)   Evacuate Collection Set: 7.0ms
[2019-11-16T12:29:42.226+0530][gc,phases     ] GC(46)   Post Evacuate Collection Set: 0.4ms
[2019-11-16T12:29:42.226+0530][gc,phases     ] GC(46)   Other: 0.3ms
[2019-11-16T12:29:42.226+0530][gc,heap       ] GC(46) Eden regions: 72->0(90)
[2019-11-16T12:29:42.226+0530][gc,heap       ] GC(46) Survivor regions: 3->3(10)
[2019-11-16T12:29:42.226+0530][gc,heap       ] GC(46) Old regions: 14->14
[2019-11-16T12:29:42.226+0530][gc,heap       ] GC(46) Archive regions: 2->2
[2019-11-16T12:29:42.226+0530][gc,heap       ] GC(46) Humongous regions: 129->129
[2019-11-16T12:29:42.226+0530][gc,metaspace  ] GC(46) Metaspace: 36400K->36400K(1081344K)
[2019-11-16T12:29:42.226+0530][gc            ] GC(46) Pause Young (Normal) (G1 Evacuation Pause) 216M->145M(1024M) 7.827ms
[2019-11-16T12:29:42.226+0530][gc,cpu        ] GC(46) User=0.03s Sys=0.00s Real=0.01s
[2019-11-16T12:55:04.653+0530][gc,start      ] GC(47) Pause Young (Normal) (G1 Evacuation Pause)
[2019-11-16T12:55:04.653+0530][gc,task       ] GC(47) Using 4 workers of 4 for evacuation
[2019-11-16T12:55:04.659+0530][gc,phases     ] GC(47)   Pre Evacuate Collection Set: 0.0ms
[2019-11-16T12:55:04.659+0530][gc,phases     ] GC(47)   Evacuate Collection Set: 5.4ms
[2019-11-16T12:55:04.659+0530][gc,phases     ] GC(47)   Post Evacuate Collection Set: 0.5ms
[2019-11-16T12:55:04.659+0530][gc,phases     ] GC(47)   Other: 0.3ms
[2019-11-16T12:55:04.659+0530][gc,heap       ] GC(47) Eden regions: 90->0(125)
[2019-11-16T12:55:04.659+0530][gc,heap       ] GC(47) Survivor regions: 3->3(12)
[2019-11-16T12:55:04.660+0530][gc,heap       ] GC(47) Old regions: 14->14
[2019-11-16T12:55:04.660+0530][gc,heap       ] GC(47) Archive regions: 2->2
[2019-11-16T12:55:04.660+0530][gc,heap       ] GC(47) Humongous regions: 129->129
[2019-11-16T12:55:04.660+0530][gc,metaspace  ] GC(47) Metaspace: 36406K->36406K(1081344K)
[2019-11-16T12:55:04.660+0530][gc            ] GC(47) Pause Young (Normal) (G1 Evacuation Pause) 235M->145M(1024M) 6.426ms
[2019-11-16T12:55:04.660+0530][gc,cpu        ] GC(47) User=0.03s Sys=0.00s Real=0.01s
[2019-11-16T13:29:42.090+0530][gc,start      ] GC(48) Pause Young (Normal) (G1 Evacuation Pause)
[2019-11-16T13:29:42.090+0530][gc,task       ] GC(48) Using 4 workers of 4 for evacuation
[2019-11-16T13:29:42.601+0530][gc,mmu        ] GC(48) MMU target violated: 21.0ms (20.0ms/21.0ms)
[2019-11-16T13:29:42.601+0530][gc,phases     ] GC(48)   Pre Evacuate Collection Set: 0.0ms
[2019-11-16T13:29:42.601+0530][gc,phases     ] GC(48)   Evacuate Collection Set: 506.8ms
[2019-11-16T13:29:42.601+0530][gc,phases     ] GC(48)   Post Evacuate Collection Set: 4.0ms
[2019-11-16T13:29:42.601+0530][gc,phases     ] GC(48)   Other: 0.3ms
[2019-11-16T13:29:42.601+0530][gc,heap       ] GC(48) Eden regions: 125->0(48)
[2019-11-16T13:29:42.601+0530][gc,heap       ] GC(48) Survivor regions: 3->3(16)
[2019-11-16T13:29:42.601+0530][gc,heap       ] GC(48) Old regions: 14->14
[2019-11-16T13:29:42.601+0530][gc,heap       ] GC(48) Archive regions: 2->2
[2019-11-16T13:29:42.601+0530][gc,heap       ] GC(48) Humongous regions: 129->129
[2019-11-16T13:29:42.601+0530][gc,metaspace  ] GC(48) Metaspace: 36414K->36414K(1083392K)
[2019-11-16T13:29:42.601+0530][gc            ] GC(48) Pause Young (Normal) (G1 Evacuation Pause) 270M->145M(1024M) 511.236ms
[2019-11-16T13:29:42.601+0530][gc,cpu        ] GC(48) User=0.02s Sys=0.00s Real=0.51s
[2019-11-16T13:43:04.983+0530][gc,start      ] GC(49) Pause Young (Normal) (G1 Evacuation Pause)
[2019-11-16T13:43:04.983+0530][gc,task       ] GC(49) Using 4 workers of 4 for evacuation
[2019-11-16T13:43:04.989+0530][gc,phases     ] GC(49)   Pre Evacuate Collection Set: 0.0ms
[2019-11-16T13:43:04.989+0530][gc,phases     ] GC(49)   Evacuate Collection Set: 5.4ms
[2019-11-16T13:43:04.989+0530][gc,phases     ] GC(49)   Post Evacuate Collection Set: 0.5ms
[2019-11-16T13:43:04.989+0530][gc,phases     ] GC(49)   Other: 0.3ms
[2019-11-16T13:43:04.989+0530][gc,heap       ] GC(49) Eden regions: 48->0(48)
[2019-11-16T13:43:04.989+0530][gc,heap       ] GC(49) Survivor regions: 3->3(7)
[2019-11-16T13:43:04.989+0530][gc,heap       ] GC(49) Old regions: 14->14
[2019-11-16T13:43:04.989+0530][gc,heap       ] GC(49) Archive regions: 2->2
[2019-11-16T13:43:04.989+0530][gc,heap       ] GC(49) Humongous regions: 129->129
[2019-11-16T13:43:04.989+0530][gc,metaspace  ] GC(49) Metaspace: 36414K->36414K(1083392K)
[2019-11-16T13:43:04.989+0530][gc            ] GC(49) Pause Young (Normal) (G1 Evacuation Pause) 193M->145M(1024M) 6.365ms
[2019-11-16T13:43:04.989+0530][gc,cpu        ] GC(49) User=0.02s Sys=0.00s Real=0.01s
[2019-11-16T13:56:34.845+0530][gc,start      ] GC(50) Pause Young (Normal) (G1 Evacuation Pause)
[2019-11-16T13:56:34.845+0530][gc,task       ] GC(50) Using 4 workers of 4 for evacuation
[2019-11-16T13:56:34.854+0530][gc,phases     ] GC(50)   Pre Evacuate Collection Set: 0.0ms
[2019-11-16T13:56:34.854+0530][gc,phases     ] GC(50)   Evacuate Collection Set: 8.0ms
[2019-11-16T13:56:34.854+0530][gc,phases     ] GC(50)   Post Evacuate Collection Set: 0.4ms
[2019-11-16T13:56:34.854+0530][gc,phases     ] GC(50)   Other: 0.3ms
[2019-11-16T13:56:34.854+0530][gc,heap       ] GC(50) Eden regions: 48->0(48)
[2019-11-16T13:56:34.854+0530][gc,heap       ] GC(50) Survivor regions: 3->3(7)
[2019-11-16T13:56:34.854+0530][gc,heap       ] GC(50) Old regions: 14->14
[2019-11-16T13:56:34.854+0530][gc,heap       ] GC(50) Archive regions: 2->2
[2019-11-16T13:56:34.854+0530][gc,heap       ] GC(50) Humongous regions: 129->129
[2019-11-16T13:56:34.854+0530][gc,metaspace  ] GC(50) Metaspace: 36414K->36414K(1083392K)
[2019-11-16T13:56:34.854+0530][gc            ] GC(50) Pause Young (Normal) (G1 Evacuation Pause) 193M->145M(1024M) 8.906ms
[2019-11-16T13:56:34.854+0530][gc,cpu        ] GC(50) User=0.02s Sys=0.00s Real=0.02s
[2019-11-16T14:09:58.202+0530][gc,start      ] GC(51) Pause Young (Normal) (G1 Evacuation Pause)
[2019-11-16T14:09:58.202+0530][gc,task       ] GC(51) Using 4 workers of 4 for evacuation
[2019-11-16T14:09:58.210+0530][gc,phases     ] GC(51)   Pre Evacuate Collection Set: 0.0ms
[2019-11-16T14:09:58.210+0530][gc,phases     ] GC(51)   Evacuate Collection Set: 6.8ms
[2019-11-16T14:09:58.210+0530][gc,phases     ] GC(51)   Post Evacuate Collection Set: 0.4ms
[2019-11-16T14:09:58.210+0530][gc,phases     ] GC(51)   Other: 0.4ms
[2019-11-16T14:09:58.210+0530][gc,heap       ] GC(51) Eden regions: 48->0(48)
[2019-11-16T14:09:58.210+0530][gc,heap       ] GC(51) Survivor regions: 3->3(7)
[2019-11-16T14:09:58.210+0530][gc,heap       ] GC(51) Old regions: 14->14
[2019-11-16T14:09:58.210+0530][gc,heap       ] GC(51) Archive regions: 2->2
[2019-11-16T14:09:58.210+0530][gc,heap       ] GC(51) Humongous regions: 129->129
[2019-11-16T14:09:58.210+0530][gc,metaspace  ] GC(51) Metaspace: 36437K->36437K(1083392K)
[2019-11-16T14:09:58.210+0530][gc            ] GC(51) Pause Young (Normal) (G1 Evacuation Pause) 193M->145M(1024M) 7.767ms
[2019-11-16T14:09:58.210+0530][gc,cpu        ] GC(51) User=0.03s Sys=0.00s Real=0.01s
[2019-11-16T14:22:37.658+0530][gc,start      ] GC(52) Pause Young (Normal) (G1 Evacuation Pause)
[2019-11-16T14:22:37.658+0530][gc,task       ] GC(52) Using 4 workers of 4 for evacuation
[2019-11-16T14:22:37.664+0530][gc,phases     ] GC(52)   Pre Evacuate Collection Set: 0.0ms
[2019-11-16T14:22:37.664+0530][gc,phases     ] GC(52)   Evacuate Collection Set: 4.6ms
[2019-11-16T14:22:37.664+0530][gc,phases     ] GC(52)   Post Evacuate Collection Set: 0.4ms
[2019-11-16T14:22:37.664+0530][gc,phases     ] GC(52)   Other: 0.2ms
[2019-11-16T14:22:37.664+0530][gc,heap       ] GC(52) Eden regions: 48->0(49)
[2019-11-16T14:22:37.664+0530][gc,heap       ] GC(52) Survivor regions: 3->2(7)
[2019-11-16T14:22:37.664+0530][gc,heap       ] GC(52) Old regions: 14->14
[2019-11-16T14:22:37.664+0530][gc,heap       ] GC(52) Archive regions: 2->2
[2019-11-16T14:22:37.664+0530][gc,heap       ] GC(52) Humongous regions: 129->129
[2019-11-16T14:22:37.664+0530][gc,metaspace  ] GC(52) Metaspace: 36437K->36437K(1083392K)
[2019-11-16T14:22:37.664+0530][gc            ] GC(52) Pause Young (Normal) (G1 Evacuation Pause) 193M->144M(1024M) 5.504ms
[2019-11-16T14:22:37.664+0530][gc,cpu        ] GC(52) User=0.02s Sys=0.00s Real=0.00s
[2019-11-16T14:36:14.683+0530][gc,start      ] GC(53) Pause Young (Normal) (G1 Evacuation Pause)
[2019-11-16T14:36:14.683+0530][gc,task       ] GC(53) Using 4 workers of 4 for evacuation
[2019-11-16T14:36:14.687+0530][gc,phases     ] GC(53)   Pre Evacuate Collection Set: 0.0ms
[2019-11-16T14:36:14.687+0530][gc,phases     ] GC(53)   Evacuate Collection Set: 3.9ms
[2019-11-16T14:36:14.687+0530][gc,phases     ] GC(53)   Post Evacuate Collection Set: 0.4ms
[2019-11-16T14:36:14.687+0530][gc,phases     ] GC(53)   Other: 0.2ms
[2019-11-16T14:36:14.687+0530][gc,heap       ] GC(53) Eden regions: 49->0(48)
[2019-11-16T14:36:14.687+0530][gc,heap       ] GC(53) Survivor regions: 2->3(7)
[2019-11-16T14:36:14.687+0530][gc,heap       ] GC(53) Old regions: 14->14
[2019-11-16T14:36:14.687+0530][gc,heap       ] GC(53) Archive regions: 2->2
[2019-11-16T14:36:14.687+0530][gc,heap       ] GC(53) Humongous regions: 129->129
[2019-11-16T14:36:14.687+0530][gc,metaspace  ] GC(53) Metaspace: 36437K->36437K(1083392K)
[2019-11-16T14:36:14.687+0530][gc            ] GC(53) Pause Young (Normal) (G1 Evacuation Pause) 193M->145M(1024M) 4.540ms
[2019-11-16T14:36:14.688+0530][gc,cpu        ] GC(53) User=0.01s Sys=0.00s Real=0.01s
[2019-11-16T14:49:42.265+0530][gc,start      ] GC(54) Pause Young (Normal) (G1 Evacuation Pause)
[2019-11-16T14:49:42.265+0530][gc,task       ] GC(54) Using 4 workers of 4 for evacuation
[2019-11-16T14:49:42.270+0530][gc,phases     ] GC(54)   Pre Evacuate Collection Set: 0.0ms
[2019-11-16T14:49:42.270+0530][gc,phases     ] GC(54)   Evacuate Collection Set: 3.7ms
[2019-11-16T14:49:42.270+0530][gc,phases     ] GC(54)   Post Evacuate Collection Set: 1.1ms
[2019-11-16T14:49:42.270+0530][gc,phases     ] GC(54)   Other: 0.3ms
[2019-11-16T14:49:42.270+0530][gc,heap       ] GC(54) Eden regions: 48->0(48)
[2019-11-16T14:49:42.270+0530][gc,heap       ] GC(54) Survivor regions: 3->3(7)
[2019-11-16T14:49:42.270+0530][gc,heap       ] GC(54) Old regions: 14->14
[2019-11-16T14:49:42.270+0530][gc,heap       ] GC(54) Archive regions: 2->2
[2019-11-16T14:49:42.270+0530][gc,heap       ] GC(54) Humongous regions: 129->129
[2019-11-16T14:49:42.270+0530][gc,metaspace  ] GC(54) Metaspace: 36437K->36437K(1083392K)
[2019-11-16T14:49:42.271+0530][gc            ] GC(54) Pause Young (Normal) (G1 Evacuation Pause) 193M->145M(1024M) 5.525ms
[2019-11-16T14:49:42.271+0530][gc,cpu        ] GC(54) User=0.02s Sys=0.00s Real=0.01s
[2019-11-16T15:03:05.568+0530][gc,start      ] GC(55) Pause Young (Normal) (G1 Evacuation Pause)
[2019-11-16T15:03:05.568+0530][gc,task       ] GC(55) Using 4 workers of 4 for evacuation
[2019-11-16T15:03:05.574+0530][gc,phases     ] GC(55)   Pre Evacuate Collection Set: 0.0ms
[2019-11-16T15:03:05.574+0530][gc,phases     ] GC(55)   Evacuate Collection Set: 4.3ms
[2019-11-16T15:03:05.574+0530][gc,phases     ] GC(55)   Post Evacuate Collection Set: 0.8ms
[2019-11-16T15:03:05.574+0530][gc,phases     ] GC(55)   Other: 0.3ms
[2019-11-16T15:03:05.574+0530][gc,heap       ] GC(55) Eden regions: 48->0(48)
[2019-11-16T15:03:05.574+0530][gc,heap       ] GC(55) Survivor regions: 3->3(7)
[2019-11-16T15:03:05.574+0530][gc,heap       ] GC(55) Old regions: 14->14
[2019-11-16T15:03:05.574+0530][gc,heap       ] GC(55) Archive regions: 2->2
[2019-11-16T15:03:05.574+0530][gc,heap       ] GC(55) Humongous regions: 129->129
[2019-11-16T15:03:05.574+0530][gc,metaspace  ] GC(55) Metaspace: 36437K->36437K(1083392K)
[2019-11-16T15:03:05.574+0530][gc            ] GC(55) Pause Young (Normal) (G1 Evacuation Pause) 193M->145M(1024M) 5.875ms
[2019-11-16T15:03:05.574+0530][gc,cpu        ] GC(55) User=0.02s Sys=0.00s Real=0.01s
[2019-11-16T15:16:28.368+0530][gc,start      ] GC(56) Pause Young (Normal) (G1 Evacuation Pause)
[2019-11-16T15:16:28.368+0530][gc,task       ] GC(56) Using 4 workers of 4 for evacuation
[2019-11-16T15:16:28.373+0530][gc,phases     ] GC(56)   Pre Evacuate Collection Set: 0.0ms
[2019-11-16T15:16:28.373+0530][gc,phases     ] GC(56)   Evacuate Collection Set: 4.3ms
[2019-11-16T15:16:28.373+0530][gc,phases     ] GC(56)   Post Evacuate Collection Set: 0.7ms
[2019-11-16T15:16:28.373+0530][gc,phases     ] GC(56)   Other: 0.2ms
[2019-11-16T15:16:28.373+0530][gc,heap       ] GC(56) Eden regions: 48->0(48)
[2019-11-16T15:16:28.373+0530][gc,heap       ] GC(56) Survivor regions: 3->3(7)
[2019-11-16T15:16:28.373+0530][gc,heap       ] GC(56) Old regions: 14->14
[2019-11-16T15:16:28.373+0530][gc,heap       ] GC(56) Archive regions: 2->2
[2019-11-16T15:16:28.373+0530][gc,heap       ] GC(56) Humongous regions: 129->129
[2019-11-16T15:16:28.373+0530][gc,metaspace  ] GC(56) Metaspace: 36439K->36439K(1083392K)
[2019-11-16T15:16:28.373+0530][gc            ] GC(56) Pause Young (Normal) (G1 Evacuation Pause) 193M->145M(1024M) 5.406ms
[2019-11-16T15:16:28.373+0530][gc,cpu        ] GC(56) User=0.01s Sys=0.00s Real=0.00s
[2019-11-16T15:29:05.865+0530][gc,start      ] GC(57) Pause Young (Normal) (G1 Evacuation Pause)
[2019-11-16T15:29:07.656+0530][gc,task       ] GC(57) Using 4 workers of 4 for evacuation
[2019-11-16T15:29:07.665+0530][gc,phases     ] GC(57)   Pre Evacuate Collection Set: 0.1ms
[2019-11-16T15:29:07.665+0530][gc,phases     ] GC(57)   Evacuate Collection Set: 8.4ms
[2019-11-16T15:29:07.665+0530][gc,phases     ] GC(57)   Post Evacuate Collection Set: 0.5ms
[2019-11-16T15:29:07.665+0530][gc,phases     ] GC(57)   Other: 1791.5ms
[2019-11-16T15:29:07.665+0530][gc,heap       ] GC(57) Eden regions: 48->0(48)
[2019-11-16T15:29:07.665+0530][gc,heap       ] GC(57) Survivor regions: 3->3(7)
[2019-11-16T15:29:07.665+0530][gc,heap       ] GC(57) Old regions: 14->14
[2019-11-16T15:29:07.665+0530][gc,heap       ] GC(57) Archive regions: 2->2
[2019-11-16T15:29:07.665+0530][gc,heap       ] GC(57) Humongous regions: 129->129
[2019-11-16T15:29:07.665+0530][gc,metaspace  ] GC(57) Metaspace: 36439K->36439K(1083392K)
[2019-11-16T15:29:07.665+0530][gc            ] GC(57) Pause Young (Normal) (G1 Evacuation Pause) 193M->145M(1024M) 1800.648ms
[2019-11-16T15:29:07.665+0530][gc,cpu        ] GC(57) User=0.04s Sys=0.00s Real=1.81s
[2019-11-16T15:42:37.659+0530][gc,start      ] GC(58) Pause Young (Normal) (G1 Evacuation Pause)
[2019-11-16T15:42:37.659+0530][gc,task       ] GC(58) Using 4 workers of 4 for evacuation
[2019-11-16T15:42:37.667+0530][gc,phases     ] GC(58)   Pre Evacuate Collection Set: 0.0ms
[2019-11-16T15:42:37.667+0530][gc,phases     ] GC(58)   Evacuate Collection Set: 7.4ms
[2019-11-16T15:42:37.667+0530][gc,phases     ] GC(58)   Post Evacuate Collection Set: 0.4ms
[2019-11-16T15:42:37.667+0530][gc,phases     ] GC(58)   Other: 0.3ms
[2019-11-16T15:42:37.667+0530][gc,heap       ] GC(58) Eden regions: 48->0(48)
[2019-11-16T15:42:37.667+0530][gc,heap       ] GC(58) Survivor regions: 3->3(7)
[2019-11-16T15:42:37.667+0530][gc,heap       ] GC(58) Old regions: 14->14
[2019-11-16T15:42:37.667+0530][gc,heap       ] GC(58) Archive regions: 2->2
[2019-11-16T15:42:37.667+0530][gc,heap       ] GC(58) Humongous regions: 129->129
[2019-11-16T15:42:37.667+0530][gc,metaspace  ] GC(58) Metaspace: 36439K->36439K(1083392K)
[2019-11-16T15:42:37.667+0530][gc            ] GC(58) Pause Young (Normal) (G1 Evacuation Pause) 193M->145M(1024M) 8.309ms
[2019-11-16T15:42:37.667+0530][gc,cpu        ] GC(58) User=0.03s Sys=0.00s Real=0.01s
[2019-11-16T15:56:00.595+0530][gc,start      ] GC(59) Pause Young (Normal) (G1 Evacuation Pause)
[2019-11-16T15:56:00.595+0530][gc,task       ] GC(59) Using 4 workers of 4 for evacuation
[2019-11-16T15:56:00.600+0530][gc,phases     ] GC(59)   Pre Evacuate Collection Set: 0.0ms
[2019-11-16T15:56:00.600+0530][gc,phases     ] GC(59)   Evacuate Collection Set: 4.9ms
[2019-11-16T15:56:00.600+0530][gc,phases     ] GC(59)   Post Evacuate Collection Set: 0.4ms
[2019-11-16T15:56:00.600+0530][gc,phases     ] GC(59)   Other: 0.2ms
[2019-11-16T15:56:00.600+0530][gc,heap       ] GC(59) Eden regions: 48->0(48)
[2019-11-16T15:56:00.600+0530][gc,heap       ] GC(59) Survivor regions: 3->3(7)
[2019-11-16T15:56:00.600+0530][gc,heap       ] GC(59) Old regions: 14->14
[2019-11-16T15:56:00.600+0530][gc,heap       ] GC(59) Archive regions: 2->2
[2019-11-16T15:56:00.600+0530][gc,heap       ] GC(59) Humongous regions: 129->129
[2019-11-16T15:56:00.600+0530][gc,metaspace  ] GC(59) Metaspace: 36441K->36441K(1083392K)
[2019-11-16T15:56:00.600+0530][gc            ] GC(59) Pause Young (Normal) (G1 Evacuation Pause) 193M->144M(1024M) 5.739ms
[2019-11-16T15:56:00.600+0530][gc,cpu        ] GC(59) User=0.01s Sys=0.00s Real=0.00s
[2019-11-16T16:09:26.189+0530][gc,start      ] GC(60) Pause Young (Normal) (G1 Evacuation Pause)
[2019-11-16T16:09:26.190+0530][gc,task       ] GC(60) Using 4 workers of 4 for evacuation
[2019-11-16T16:09:26.199+0530][gc,phases     ] GC(60)   Pre Evacuate Collection Set: 0.0ms
[2019-11-16T16:09:26.199+0530][gc,phases     ] GC(60)   Evacuate Collection Set: 8.6ms
[2019-11-16T16:09:26.199+0530][gc,phases     ] GC(60)   Post Evacuate Collection Set: 0.4ms
[2019-11-16T16:09:26.199+0530][gc,phases     ] GC(60)   Other: 0.3ms
[2019-11-16T16:09:26.199+0530][gc,heap       ] GC(60) Eden regions: 48->0(48)
[2019-11-16T16:09:26.199+0530][gc,heap       ] GC(60) Survivor regions: 3->3(7)
[2019-11-16T16:09:26.199+0530][gc,heap       ] GC(60) Old regions: 14->14
[2019-11-16T16:09:26.199+0530][gc,heap       ] GC(60) Archive regions: 2->2
[2019-11-16T16:09:26.199+0530][gc,heap       ] GC(60) Humongous regions: 129->129
[2019-11-16T16:09:26.199+0530][gc,metaspace  ] GC(60) Metaspace: 36442K->36442K(1083392K)
[2019-11-16T16:09:26.199+0530][gc            ] GC(60) Pause Young (Normal) (G1 Evacuation Pause) 192M->145M(1024M) 9.384ms
[2019-11-16T16:09:26.199+0530][gc,cpu        ] GC(60) User=0.03s Sys=0.00s Real=0.01s
[2019-11-16T16:22:05.429+0530][gc,start      ] GC(61) Pause Young (Normal) (G1 Evacuation Pause)
[2019-11-16T16:22:05.429+0530][gc,task       ] GC(61) Using 4 workers of 4 for evacuation
[2019-11-16T16:22:05.436+0530][gc,phases     ] GC(61)   Pre Evacuate Collection Set: 0.0ms
[2019-11-16T16:22:05.436+0530][gc,phases     ] GC(61)   Evacuate Collection Set: 6.5ms
[2019-11-16T16:22:05.436+0530][gc,phases     ] GC(61)   Post Evacuate Collection Set: 0.5ms
[2019-11-16T16:22:05.436+0530][gc,phases     ] GC(61)   Other: 0.4ms
[2019-11-16T16:22:05.436+0530][gc,heap       ] GC(61) Eden regions: 48->0(67)
[2019-11-16T16:22:05.436+0530][gc,heap       ] GC(61) Survivor regions: 3->3(7)
[2019-11-16T16:22:05.436+0530][gc,heap       ] GC(61) Old regions: 14->14
[2019-11-16T16:22:05.436+0530][gc,heap       ] GC(61) Archive regions: 2->2
[2019-11-16T16:22:05.436+0530][gc,heap       ] GC(61) Humongous regions: 129->129
[2019-11-16T16:22:05.436+0530][gc,metaspace  ] GC(61) Metaspace: 36443K->36443K(1083392K)
[2019-11-16T16:22:05.436+0530][gc            ] GC(61) Pause Young (Normal) (G1 Evacuation Pause) 193M->145M(1024M) 7.550ms
[2019-11-16T16:22:05.436+0530][gc,cpu        ] GC(61) User=0.02s Sys=0.00s Real=0.01s
[2019-11-16T16:40:53.683+0530][gc,start      ] GC(62) Pause Young (Normal) (G1 Evacuation Pause)
[2019-11-16T16:40:53.683+0530][gc,task       ] GC(62) Using 4 workers of 4 for evacuation
[2019-11-16T16:40:53.691+0530][gc,phases     ] GC(62)   Pre Evacuate Collection Set: 0.0ms
[2019-11-16T16:40:53.691+0530][gc,phases     ] GC(62)   Evacuate Collection Set: 7.4ms
[2019-11-16T16:40:53.691+0530][gc,phases     ] GC(62)   Post Evacuate Collection Set: 0.4ms
[2019-11-16T16:40:53.691+0530][gc,phases     ] GC(62)   Other: 0.3ms
[2019-11-16T16:40:53.691+0530][gc,heap       ] GC(62) Eden regions: 67->0(96)
[2019-11-16T16:40:53.691+0530][gc,heap       ] GC(62) Survivor regions: 3->3(9)
[2019-11-16T16:40:53.691+0530][gc,heap       ] GC(62) Old regions: 14->14
[2019-11-16T16:40:53.691+0530][gc,heap       ] GC(62) Archive regions: 2->2
[2019-11-16T16:40:53.691+0530][gc,heap       ] GC(62) Humongous regions: 129->129
[2019-11-16T16:40:53.691+0530][gc,metaspace  ] GC(62) Metaspace: 36443K->36443K(1083392K)
[2019-11-16T16:40:53.691+0530][gc            ] GC(62) Pause Young (Normal) (G1 Evacuation Pause) 212M->145M(1024M) 8.160ms
[2019-11-16T16:40:53.691+0530][gc,cpu        ] GC(62) User=0.03s Sys=0.00s Real=0.01s
[2019-11-16T17:07:58.413+0530][gc,start      ] GC(63) Pause Young (Normal) (G1 Evacuation Pause)
[2019-11-16T17:07:58.413+0530][gc,task       ] GC(63) Using 4 workers of 4 for evacuation
[2019-11-16T17:07:58.421+0530][gc,phases     ] GC(63)   Pre Evacuate Collection Set: 0.0ms
[2019-11-16T17:07:58.421+0530][gc,phases     ] GC(63)   Evacuate Collection Set: 7.1ms
[2019-11-16T17:07:58.421+0530][gc,phases     ] GC(63)   Post Evacuate Collection Set: 0.4ms
[2019-11-16T17:07:58.421+0530][gc,phases     ] GC(63)   Other: 0.3ms
[2019-11-16T17:07:58.421+0530][gc,heap       ] GC(63) Eden regions: 96->0(131)
[2019-11-16T17:07:58.421+0530][gc,heap       ] GC(63) Survivor regions: 3->3(13)
[2019-11-16T17:07:58.421+0530][gc,heap       ] GC(63) Old regions: 14->14
[2019-11-16T17:07:58.421+0530][gc,heap       ] GC(63) Archive regions: 2->2
[2019-11-16T17:07:58.421+0530][gc,heap       ] GC(63) Humongous regions: 129->129
[2019-11-16T17:07:58.421+0530][gc,metaspace  ] GC(63) Metaspace: 36449K->36449K(1083392K)
[2019-11-16T17:07:58.421+0530][gc            ] GC(63) Pause Young (Normal) (G1 Evacuation Pause) 241M->145M(1024M) 8.020ms
[2019-11-16T17:07:58.421+0530][gc,cpu        ] GC(63) User=0.02s Sys=0.01s Real=0.01s
[2019-11-16T17:44:07.659+0530][gc,start      ] GC(64) Pause Young (Normal) (G1 Evacuation Pause)
[2019-11-16T17:44:07.659+0530][gc,task       ] GC(64) Using 4 workers of 4 for evacuation
[2019-11-16T17:44:07.666+0530][gc,phases     ] GC(64)   Pre Evacuate Collection Set: 0.0ms
[2019-11-16T17:44:07.666+0530][gc,phases     ] GC(64)   Evacuate Collection Set: 6.6ms
[2019-11-16T17:44:07.666+0530][gc,phases     ] GC(64)   Post Evacuate Collection Set: 0.5ms
[2019-11-16T17:44:07.666+0530][gc,phases     ] GC(64)   Other: 0.4ms
[2019-11-16T17:44:07.666+0530][gc,heap       ] GC(64) Eden regions: 131->0(612)
[2019-11-16T17:44:07.666+0530][gc,heap       ] GC(64) Survivor regions: 3->2(17)
[2019-11-16T17:44:07.666+0530][gc,heap       ] GC(64) Old regions: 14->14
[2019-11-16T17:44:07.666+0530][gc,heap       ] GC(64) Archive regions: 2->2
[2019-11-16T17:44:07.667+0530][gc,heap       ] GC(64) Humongous regions: 129->129
[2019-11-16T17:44:07.667+0530][gc,metaspace  ] GC(64) Metaspace: 36452K->36452K(1083392K)
[2019-11-16T17:44:07.667+0530][gc            ] GC(64) Pause Young (Normal) (G1 Evacuation Pause) 276M->144M(1024M) 7.593ms
[2019-11-16T17:44:07.667+0530][gc,cpu        ] GC(64) User=0.03s Sys=0.00s Real=0.01s
[2019-11-16T20:34:39.384+0530][gc,start      ] GC(65) Pause Young (Normal) (G1 Evacuation Pause)
[2019-11-16T20:34:39.719+0530][gc,task       ] GC(65) Using 4 workers of 4 for evacuation
[2019-11-16T20:34:39.752+0530][gc,mmu        ] GC(65) MMU target violated: 21.0ms (20.0ms/21.0ms)
[2019-11-16T20:34:39.752+0530][gc,phases     ] GC(65)   Pre Evacuate Collection Set: 0.0ms
[2019-11-16T20:34:39.752+0530][gc,phases     ] GC(65)   Evacuate Collection Set: 3.8ms
[2019-11-16T20:34:39.752+0530][gc,phases     ] GC(65)   Post Evacuate Collection Set: 29.2ms
[2019-11-16T20:34:39.752+0530][gc,phases     ] GC(65)   Other: 335.1ms
[2019-11-16T20:34:39.752+0530][gc,heap       ] GC(65) Eden regions: 612->0(611)
[2019-11-16T20:34:39.752+0530][gc,heap       ] GC(65) Survivor regions: 2->3(77)
[2019-11-16T20:34:39.752+0530][gc,heap       ] GC(65) Old regions: 14->14
[2019-11-16T20:34:39.752+0530][gc,heap       ] GC(65) Archive regions: 2->2
[2019-11-16T20:34:39.752+0530][gc,heap       ] GC(65) Humongous regions: 129->129
[2019-11-16T20:34:39.752+0530][gc,metaspace  ] GC(65) Metaspace: 36551K->36551K(1083392K)
[2019-11-16T20:34:39.752+0530][gc            ] GC(65) Pause Young (Normal) (G1 Evacuation Pause) 756M->145M(1024M) 368.254ms
[2019-11-16T20:34:39.752+0530][gc,cpu        ] GC(65) User=0.02s Sys=0.00s Real=0.37s
[2019-11-16T23:26:40.435+0530][gc,start      ] GC(66) Pause Young (Normal) (G1 Evacuation Pause)
[2019-11-16T23:26:42.005+0530][gc,task       ] GC(66) Using 4 workers of 4 for evacuation
[2019-11-16T23:26:42.011+0530][gc,phases     ] GC(66)   Pre Evacuate Collection Set: 0.0ms
[2019-11-16T23:26:42.011+0530][gc,phases     ] GC(66)   Evacuate Collection Set: 4.8ms
[2019-11-16T23:26:42.011+0530][gc,phases     ] GC(66)   Post Evacuate Collection Set: 0.7ms
[2019-11-16T23:26:42.011+0530][gc,phases     ] GC(66)   Other: 1570.9ms
[2019-11-16T23:26:42.011+0530][gc,heap       ] GC(66) Eden regions: 611->0(610)
[2019-11-16T23:26:42.011+0530][gc,heap       ] GC(66) Survivor regions: 3->4(77)
[2019-11-16T23:26:42.011+0530][gc,heap       ] GC(66) Old regions: 14->14
[2019-11-16T23:26:42.011+0530][gc,heap       ] GC(66) Archive regions: 2->2
[2019-11-16T23:26:42.011+0530][gc,heap       ] GC(66) Humongous regions: 129->129
[2019-11-16T23:26:42.011+0530][gc,metaspace  ] GC(66) Metaspace: 36589K->36589K(1083392K)
[2019-11-16T23:26:42.011+0530][gc            ] GC(66) Pause Young (Normal) (G1 Evacuation Pause) 756M->146M(1024M) 1576.471ms
[2019-11-16T23:26:42.011+0530][gc,cpu        ] GC(66) User=0.02s Sys=0.00s Real=1.57s
[2019-11-17T02:19:37.818+0530][gc,start      ] GC(67) Pause Young (Normal) (G1 Evacuation Pause)
[2019-11-17T02:19:38.289+0530][gc,task       ] GC(67) Using 4 workers of 4 for evacuation
[2019-11-17T02:19:38.298+0530][gc,phases     ] GC(67)   Pre Evacuate Collection Set: 0.0ms
[2019-11-17T02:19:38.298+0530][gc,phases     ] GC(67)   Evacuate Collection Set: 7.2ms
[2019-11-17T02:19:38.298+0530][gc,phases     ] GC(67)   Post Evacuate Collection Set: 1.0ms
[2019-11-17T02:19:38.298+0530][gc,phases     ] GC(67)   Other: 471.6ms
[2019-11-17T02:19:38.298+0530][gc,heap       ] GC(67) Eden regions: 610->0(611)
[2019-11-17T02:19:38.298+0530][gc,heap       ] GC(67) Survivor regions: 4->3(77)
[2019-11-17T02:19:38.298+0530][gc,heap       ] GC(67) Old regions: 14->14
[2019-11-17T02:19:38.298+0530][gc,heap       ] GC(67) Archive regions: 2->2
[2019-11-17T02:19:38.298+0530][gc,heap       ] GC(67) Humongous regions: 129->129
[2019-11-17T02:19:38.298+0530][gc,metaspace  ] GC(67) Metaspace: 36607K->36607K(1083392K)
[2019-11-17T02:19:38.298+0530][gc            ] GC(67) Pause Young (Normal) (G1 Evacuation Pause) 756M->145M(1024M) 480.038ms
[2019-11-17T02:19:38.298+0530][gc,cpu        ] GC(67) User=0.02s Sys=0.01s Real=0.48s
[2019-11-18T09:37:55.909+0530][gc,heap,exit  ] Heap
[2019-11-18T09:37:56.000+0530][gc,heap,exit  ]  garbage-first heap   total 1048576K, used 243438K [0x00000000c0000000, 0x0000000100000000)
[2019-11-18T09:37:56.000+0530][gc,heap,exit  ]   region size 1024K, 96 young (98304K), 3 survivors (3072K)
[2019-11-18T09:37:56.000+0530][gc,heap,exit  ]  Metaspace       used 37430K, capacity 40068K, committed 40272K, reserved 1083392K
[2019-11-18T09:37:56.000+0530][gc,heap,exit  ]   class space    used 5348K, capacity 6577K, committed 6656K, reserved 1048576K
