[2019-11-18T09:36:53.796+0530][gc,heap] Heap region size: 1M
[2019-11-18T09:36:53.801+0530][gc     ] Using G1
[2019-11-18T09:36:53.801+0530][gc,heap,coops] Heap address: 0x00000000e0000000, size: 512 MB, Compressed Oops mode: 32-bit
[2019-11-18T09:36:53.801+0530][gc,cds       ] Mark closed archive regions in map: [0x00000000fff00000, 0x00000000fff71ff8]
[2019-11-18T09:36:53.801+0530][gc,cds       ] Mark open archive regions in map: [0x00000000ffe00000, 0x00000000ffe48ff8]
[2019-11-18T09:36:53.811+0530][gc           ] Periodic GC disabled
[2019-11-18T09:37:00.524+0530][gc,heap,exit ] Heap
[2019-11-18T09:37:00.524+0530][gc,heap,exit ]  garbage-first heap   total 524288K, used 3820K [0x00000000e0000000, 0x0000000100000000)
[2019-11-18T09:37:00.524+0530][gc,heap,exit ]   region size 1024K, 4 young (4096K), 0 survivors (0K)
[2019-11-18T09:37:00.524+0530][gc,heap,exit ]  Metaspace       used 536K, capacity 4518K, committed 4864K, reserved 1056768K
[2019-11-18T09:37:00.524+0530][gc,heap,exit ]   class space    used 38K, capacity 399K, committed 512K, reserved 1048576K
