[2019-11-15T15:41:43.322+0530][gc,heap] Heap region size: 1M
[2019-11-15T15:41:43.329+0530][gc     ] Using G1
[2019-11-15T15:41:43.330+0530][gc,heap,coops] Heap address: 0x00000000e0000000, size: 512 MB, Compressed Oops mode: 32-bit
[2019-11-15T15:41:43.330+0530][gc,cds       ] Mark closed archive regions in map: [0x00000000fff00000, 0x00000000fff71ff8]
[2019-11-15T15:41:43.330+0530][gc,cds       ] Mark open archive regions in map: [0x00000000ffe00000, 0x00000000ffe48ff8]
[2019-11-15T15:41:43.340+0530][gc           ] Periodic GC disabled
[2019-11-15T16:24:31.808+0530][gc,start     ] GC(0) Pause Young (Normal) (G1 Evacuation Pause)
[2019-11-15T16:24:31.809+0530][gc,task      ] GC(0) Using 4 workers of 4 for evacuation
[2019-11-15T16:24:31.824+0530][gc,phases    ] GC(0)   Pre Evacuate Collection Set: 0.0ms
[2019-11-15T16:24:31.824+0530][gc,phases    ] GC(0)   Evacuate Collection Set: 14.6ms
[2019-11-15T16:24:31.824+0530][gc,phases    ] GC(0)   Post Evacuate Collection Set: 0.4ms
[2019-11-15T16:24:31.824+0530][gc,phases    ] GC(0)   Other: 1.2ms
[2019-11-15T16:24:31.824+0530][gc,heap      ] GC(0) Eden regions: 25->0(21)
[2019-11-15T16:24:31.824+0530][gc,heap      ] GC(0) Survivor regions: 0->4(4)
[2019-11-15T16:24:31.824+0530][gc,heap      ] GC(0) Old regions: 0->1
[2019-11-15T16:24:31.824+0530][gc,heap      ] GC(0) Archive regions: 2->2
[2019-11-15T16:24:31.824+0530][gc,heap      ] GC(0) Humongous regions: 0->0
[2019-11-15T16:24:31.824+0530][gc,metaspace ] GC(0) Metaspace: 7481K->7481K(1056768K)
[2019-11-15T16:24:31.824+0530][gc           ] GC(0) Pause Young (Normal) (G1 Evacuation Pause) 25M->5M(512M) 16.233ms
[2019-11-15T16:24:31.824+0530][gc,cpu       ] GC(0) User=0.05s Sys=0.00s Real=0.01s
[2019-11-15T22:48:37.169+0530][gc,start     ] GC(1) Pause Young (Normal) (G1 Evacuation Pause)
[2019-11-15T22:48:37.211+0530][gc,task      ] GC(1) Using 4 workers of 4 for evacuation
[2019-11-15T22:48:37.725+0530][gc,mmu       ] GC(1) MMU target violated: 21.0ms (20.0ms/21.0ms)
[2019-11-15T22:48:37.725+0530][gc,phases    ] GC(1)   Pre Evacuate Collection Set: 33.9ms
[2019-11-15T22:48:37.725+0530][gc,phases    ] GC(1)   Evacuate Collection Set: 463.6ms
[2019-11-15T22:48:37.725+0530][gc,phases    ] GC(1)   Post Evacuate Collection Set: 11.9ms
[2019-11-15T22:48:37.725+0530][gc,phases    ] GC(1)   Other: 609.1ms
[2019-11-15T22:48:37.725+0530][gc,heap      ] GC(1) Eden regions: 21->0(24)
[2019-11-15T22:48:37.725+0530][gc,heap      ] GC(1) Survivor regions: 4->1(4)
[2019-11-15T22:48:37.725+0530][gc,heap      ] GC(1) Old regions: 1->5
[2019-11-15T22:48:37.725+0530][gc,heap      ] GC(1) Archive regions: 2->2
[2019-11-15T22:48:37.725+0530][gc,heap      ] GC(1) Humongous regions: 0->0
[2019-11-15T22:48:37.725+0530][gc,metaspace ] GC(1) Metaspace: 7546K->7546K(1056768K)
[2019-11-15T22:48:37.733+0530][gc           ] GC(1) Pause Young (Normal) (G1 Evacuation Pause) 26M->6M(512M) 563.512ms
[2019-11-15T22:48:37.733+0530][gc,cpu       ] GC(1) User=0.03s Sys=0.01s Real=0.57s
[2019-11-16T12:17:01.414+0530][gc,start     ] GC(2) Pause Young (Normal) (G1 Evacuation Pause)
[2019-11-16T12:17:01.414+0530][gc,task      ] GC(2) Using 4 workers of 4 for evacuation
[2019-11-16T12:17:01.416+0530][gc,phases    ] GC(2)   Pre Evacuate Collection Set: 0.1ms
[2019-11-16T12:17:01.416+0530][gc,phases    ] GC(2)   Evacuate Collection Set: 1.1ms
[2019-11-16T12:17:01.416+0530][gc,phases    ] GC(2)   Post Evacuate Collection Set: 0.5ms
[2019-11-16T12:17:01.416+0530][gc,phases    ] GC(2)   Other: 0.7ms
[2019-11-16T12:17:01.416+0530][gc,heap      ] GC(2) Eden regions: 24->0(24)
[2019-11-16T12:17:01.416+0530][gc,heap      ] GC(2) Survivor regions: 1->1(4)
[2019-11-16T12:17:01.416+0530][gc,heap      ] GC(2) Old regions: 5->5
[2019-11-16T12:17:01.416+0530][gc,heap      ] GC(2) Archive regions: 2->2
[2019-11-16T12:17:01.416+0530][gc,heap      ] GC(2) Humongous regions: 0->0
[2019-11-16T12:17:01.416+0530][gc,metaspace ] GC(2) Metaspace: 7594K->7594K(1056768K)
[2019-11-16T12:17:01.417+0530][gc           ] GC(2) Pause Young (Normal) (G1 Evacuation Pause) 30M->5M(512M) 2.621ms
[2019-11-16T12:17:01.417+0530][gc,cpu       ] GC(2) User=0.00s Sys=0.01s Real=0.00s
[2019-11-16T17:34:27.538+0530][gc,start     ] GC(3) Pause Young (Normal) (G1 Evacuation Pause)
[2019-11-16T17:34:29.002+0530][gc,task      ] GC(3) Using 4 workers of 4 for evacuation
[2019-11-16T17:34:29.071+0530][gc,mmu       ] GC(3) MMU target violated: 21.0ms (20.0ms/21.0ms)
[2019-11-16T17:34:29.071+0530][gc,phases    ] GC(3)   Pre Evacuate Collection Set: 0.1ms
[2019-11-16T17:34:29.071+0530][gc,phases    ] GC(3)   Evacuate Collection Set: 67.9ms
[2019-11-16T17:34:29.071+0530][gc,phases    ] GC(3)   Post Evacuate Collection Set: 0.3ms
[2019-11-16T17:34:29.071+0530][gc,phases    ] GC(3)   Other: 1465.3ms
[2019-11-16T17:34:29.071+0530][gc,heap      ] GC(3) Eden regions: 24->0(24)
[2019-11-16T17:34:29.071+0530][gc,heap      ] GC(3) Survivor regions: 1->1(4)
[2019-11-16T17:34:29.071+0530][gc,heap      ] GC(3) Old regions: 5->5
[2019-11-16T17:34:29.071+0530][gc,heap      ] GC(3) Archive regions: 2->2
[2019-11-16T17:34:29.071+0530][gc,heap      ] GC(3) Humongous regions: 0->0
[2019-11-16T17:34:29.071+0530][gc,metaspace ] GC(3) Metaspace: 7594K->7594K(1056768K)
[2019-11-16T17:34:29.071+0530][gc           ] GC(3) Pause Young (Normal) (G1 Evacuation Pause) 29M->5M(512M) 1533.610ms
[2019-11-16T17:34:29.071+0530][gc,cpu       ] GC(3) User=0.07s Sys=0.00s Real=1.53s
[2019-11-16T22:46:12.078+0530][gc,start     ] GC(4) Pause Young (Normal) (G1 Evacuation Pause)
[2019-11-16T22:46:12.100+0530][gc,task      ] GC(4) Using 4 workers of 4 for evacuation
[2019-11-16T22:46:12.101+0530][gc,phases    ] GC(4)   Pre Evacuate Collection Set: 0.0ms
[2019-11-16T22:46:12.101+0530][gc,phases    ] GC(4)   Evacuate Collection Set: 0.4ms
[2019-11-16T22:46:12.101+0530][gc,phases    ] GC(4)   Post Evacuate Collection Set: 0.3ms
[2019-11-16T22:46:12.101+0530][gc,phases    ] GC(4)   Other: 22.3ms
[2019-11-16T22:46:12.101+0530][gc,heap      ] GC(4) Eden regions: 24->0(24)
[2019-11-16T22:46:12.101+0530][gc,heap      ] GC(4) Survivor regions: 1->1(4)
[2019-11-16T22:46:12.101+0530][gc,heap      ] GC(4) Old regions: 5->5
[2019-11-16T22:46:12.101+0530][gc,heap      ] GC(4) Archive regions: 2->2
[2019-11-16T22:46:12.101+0530][gc,heap      ] GC(4) Humongous regions: 0->0
[2019-11-16T22:46:12.101+0530][gc,metaspace ] GC(4) Metaspace: 7623K->7623K(1056768K)
[2019-11-16T22:46:12.101+0530][gc           ] GC(4) Pause Young (Normal) (G1 Evacuation Pause) 29M->5M(512M) 23.030ms
[2019-11-16T22:46:12.101+0530][gc,cpu       ] GC(4) User=0.01s Sys=0.00s Real=0.02s
[2019-11-18T09:29:14.885+0530][gc,heap,exit ] Heap
[2019-11-18T09:29:14.891+0530][gc,heap,exit ]  garbage-first heap   total 524288K, used 23333K [0x00000000e0000000, 0x0000000100000000)
[2019-11-18T09:29:14.891+0530][gc,heap,exit ]   region size 1024K, 19 young (19456K), 1 survivors (1024K)
[2019-11-18T09:29:14.891+0530][gc,heap,exit ]  Metaspace       used 7627K, capacity 7976K, committed 8192K, reserved 1056768K
[2019-11-18T09:29:14.891+0530][gc,heap,exit ]   class space    used 819K, capacity 935K, committed 1024K, reserved 1048576K
