[2019-11-18T09:37:34.441+0530][gc,heap] Heap region size: 1M
[2019-11-18T09:37:34.446+0530][gc     ] Using G1
[2019-11-18T09:37:34.446+0530][gc,heap,coops] Heap address: 0x00000000e0000000, size: 512 MB, Compressed Oops mode: 32-bit
[2019-11-18T09:37:34.446+0530][gc,cds       ] Mark closed archive regions in map: [0x00000000fff00000, 0x00000000fff71ff8]
[2019-11-18T09:37:34.446+0530][gc,cds       ] Mark open archive regions in map: [0x00000000ffe00000, 0x00000000ffe48ff8]
[2019-11-18T09:37:34.456+0530][gc           ] Periodic GC disabled
[2019-11-18T10:27:50.781+0530][gc,start     ] GC(0) Pause Young (Normal) (G1 Evacuation Pause)
[2019-11-18T10:27:50.782+0530][gc,task      ] GC(0) Using 4 workers of 4 for evacuation
[2019-11-18T10:27:50.798+0530][gc,phases    ] GC(0)   Pre Evacuate Collection Set: 0.3ms
[2019-11-18T10:27:50.798+0530][gc,phases    ] GC(0)   Evacuate Collection Set: 14.9ms
[2019-11-18T10:27:50.798+0530][gc,phases    ] GC(0)   Post Evacuate Collection Set: 0.4ms
[2019-11-18T10:27:50.798+0530][gc,phases    ] GC(0)   Other: 1.3ms
[2019-11-18T10:27:50.798+0530][gc,heap      ] GC(0) Eden regions: 25->0(21)
[2019-11-18T10:27:50.798+0530][gc,heap      ] GC(0) Survivor regions: 0->4(4)
[2019-11-18T10:27:50.798+0530][gc,heap      ] GC(0) Old regions: 0->1
[2019-11-18T10:27:50.798+0530][gc,heap      ] GC(0) Archive regions: 2->2
[2019-11-18T10:27:50.798+0530][gc,heap      ] GC(0) Humongous regions: 0->0
[2019-11-18T10:27:50.798+0530][gc,metaspace ] GC(0) Metaspace: 7499K->7499K(1056768K)
[2019-11-18T10:27:50.798+0530][gc           ] GC(0) Pause Young (Normal) (G1 Evacuation Pause) 25M->5M(512M) 17.028ms
[2019-11-18T10:27:50.798+0530][gc,cpu       ] GC(0) User=0.04s Sys=0.01s Real=0.02s
[2019-11-18T14:43:17.796+0530][gc,start     ] GC(1) Pause Young (Normal) (G1 Evacuation Pause)
[2019-11-18T14:43:17.934+0530][gc,task      ] GC(1) Using 4 workers of 4 for evacuation
[2019-11-18T14:43:17.941+0530][gc,phases    ] GC(1)   Pre Evacuate Collection Set: 0.0ms
[2019-11-18T14:43:17.941+0530][gc,phases    ] GC(1)   Evacuate Collection Set: 6.5ms
[2019-11-18T14:43:17.941+0530][gc,phases    ] GC(1)   Post Evacuate Collection Set: 0.2ms
[2019-11-18T14:43:17.941+0530][gc,phases    ] GC(1)   Other: 138.3ms
[2019-11-18T14:43:17.941+0530][gc,heap      ] GC(1) Eden regions: 21->0(24)
[2019-11-18T14:43:17.941+0530][gc,heap      ] GC(1) Survivor regions: 4->1(4)
[2019-11-18T14:43:17.941+0530][gc,heap      ] GC(1) Old regions: 1->6
[2019-11-18T14:43:17.941+0530][gc,heap      ] GC(1) Archive regions: 2->2
[2019-11-18T14:43:17.941+0530][gc,heap      ] GC(1) Humongous regions: 0->0
[2019-11-18T14:43:17.941+0530][gc,metaspace ] GC(1) Metaspace: 7523K->7523K(1056768K)
[2019-11-18T14:43:17.941+0530][gc           ] GC(1) Pause Young (Normal) (G1 Evacuation Pause) 26M->6M(512M) 145.194ms
[2019-11-18T14:43:17.941+0530][gc,cpu       ] GC(1) User=0.03s Sys=0.00s Real=0.15s
